ASxxxx Linker V03.00/V05.40 + sdld,  page 1.
Hexadecimal  [32-Bits]

Area                                    Addr        Size        Decimal Bytes (Attributes)
--------------------------------        ----        ----        ------- ----- ------------
.  .ABS.                            00000000    00000000 =           0. bytes (ABS,CON)

      Value  Global                              Global Defined In Module
      -----  --------------------------------   ------------------------
     00000000  .__.ABS.                           
     00000000  _rRAMG                             
     00000000  l__BASE                         
     00000000  l__BSS                          
     00000000  l__CABS                         
     00000000  l__CODE_0                       
     00000000  l__CRASH_HEADER                 
     00000000  l__CRASH_SCRATCH                
     00000000  l__DABS                         
     00000000  l__HEADER                       
     00000000  l__HEADER_LCD                   
     00000000  l__HEADER_SIO                   
     00000000  l__HEADER_TIMER                 
     00000000  l__HEAP                         
     00000000  l__HEAP_END                     
     00000000  l__HRAM                         
     00000000  l__LIT                          
     00000000  s__CABS                         
     00000000  s__CRASH_HEADER                 
     00000000  s__CRASH_HEADER0                
     00000000  s__CRASH_HEADER1                
     00000000  s__CRASH_SCRATCH                
     00000000  s__CRASH_SCRATCH2               
     00000000  s__DABS                         
     00000000  s__HEADER                       
     00000000  s__HEADER0                      
     00000000  s__HEADER1                      
     00000000  s__HEADER10                     
     00000000  s__HEADER11                     
     00000000  s__HEADER2                      
     00000000  s__HEADER3                      
     00000000  s__HEADER4                      
     00000000  s__HEADER5                      
     00000000  s__HEADER6                      
     00000000  s__HEADER7                      
     00000000  s__HEADER8                      
     00000000  s__HEADER9                      
     00000000  s__HEADER_LCD                   
     00000000  s__HEADER_LCD0                  
     00000000  s__HEADER_SIO                   
     00000000  s__HEADER_SIO0                  
     00000000  s__HEADER_TIMER                 
     00000000  s__HEADER_TIMER0                
     00000000  s__HEADERa                      
     00000000  s__HEADERb                      
     00000000  s__HEADERc                      
     00000000  s__HEADERd                      
     00000000  s__HEADERe                      
     00000000  s__HEADERf                      
     00000000  s__HRAM                         
ASxxxx Linker V03.00/V05.40 + sdld,  page 2.
Hexadecimal  [32-Bits]

Area                                    Addr        Size        Decimal Bytes (Attributes)
--------------------------------        ----        ----        ------- ----- ------------
.  .ABS.                            00000000    00000000 =           0. bytes (ABS,CON)

      Value  Global                              Global Defined In Module
      -----  --------------------------------   ------------------------
     00000000  s__HRAM12                       
     00000001  ___bank_ACTOR                      actor
     00000001  ___bank_VM_SGB                     vm_sgb
     00000001  b_SIO_init                         sio
     00000001  b_activate_actor                   actor
     00000001  b_activate_actors_in_col           actor
     00000001  b_activate_actors_in_row           actor
     00000001  b_actor_at_tile                    actor
     00000001  b_actor_get_frame_offset           actor
     00000001  b_actor_in_front_of_player         actor
     00000001  b_actor_overlapping_bb             actor
     00000001  b_actor_overlapping_player         actor
     00000001  b_actor_set_anim_idle              actor
     00000001  b_actor_set_anim_moving            actor
     00000001  b_actor_set_dir                    actor
     00000001  b_actor_set_frame_offset           actor
     00000001  b_actor_set_frames                 actor
     00000001  b_actors_handle_player_collision   actor
     00000001  b_actors_init                      actor
     00000001  b_check_collision_in_direction     actor
     00000001  b_deactivate_actor                 actor
     00000001  b_platform_init                    platform
     00000001  b_platform_update                  platform
     00000001  b_player_init                      actor
     00000001  b_scroll_init                      scroll
     00000001  b_scroll_repaint                   scroll
     00000001  b_scroll_reset                     scroll
     00000001  b_scroll_update                    scroll
     00000001  b_ui_draw_frame                    ui
     00000001  b_ui_draw_text_buffer_char         ui
     00000001  b_ui_init                          ui
     00000001  b_ui_load_tiles                    ui
     00000001  b_ui_run_menu                      ui
     00000001  b_ui_run_modal                     ui
     00000001  b_ui_set_start_tile                ui
     00000001  l__GSFINAL                      
     00000001  l__HEADER0                      
     00000001  l__HEADER5                      
     00000001  l__HEADERa                      
     00000001  l__HEADERb                      
     00000001  l__HEADERc                      
     00000001  l__HEADERe                      
     00000001  l__HEADERf                      
     00000002  ___bank_VM_ACTOR                   vm_actor
     00000002  ___bank_bg_leaving_earth_tilemap   bg_leaving_earth_tilemap_att
     00000002  ___bank_song_rulz_lightmood_0_Da   song_rulz_lightmood_0_Data
     00000002  ___bank_sprite_fire                sprite_fire
     00000002  ___mute_mask_sound_gbstudio_sfx_   sound_gbstudio_sfx_sav
     00000002  ___mute_mask_sound_gbstudio_sfx_   sound_gbstudio_sfx_sav
     00000002  ___mute_mask_sound_gbstudio_sfx_   sound_gbstudio_sfx_sav
     00000002  ___mute_mask_sound_gbstudio_sfx_   sound_gbstudio_sfx_sav
ASxxxx Linker V03.00/V05.40 + sdld,  page 3.
Hexadecimal  [32-Bits]

Area                                    Addr        Size        Decimal Bytes (Attributes)
--------------------------------        ----        ----        ------- ----- ------------
.  .ABS.                            00000000    00000000 =           0. bytes (ABS,CON)

      Value  Global                              Global Defined In Module
      -----  --------------------------------   ------------------------
     00000002  ___mute_mask_sound_gbstudio_sfx_   sound_gbstudio_sfx_sav
     00000002  ___mute_mask_sound_gbstudio_sfx_   sound_gbstudio_sfx_sav
     00000002  ___mute_mask_sound_gbstudio_sfx_   sound_gbstudio_sfx_sav
     00000002  b_topdown_init                     topdown
     00000002  b_topdown_update                   topdown
     00000002  b_vm_actor_activate                vm_actor
     00000002  b_vm_actor_begin_update            vm_actor
     00000002  b_vm_actor_deactivate              vm_actor
     00000002  b_vm_actor_emote                   vm_actor
     00000002  b_vm_actor_get_angle               vm_actor
     00000002  b_vm_actor_get_anim_frame          vm_actor
     00000002  b_vm_actor_get_dir                 vm_actor
     00000002  b_vm_actor_get_pos                 vm_actor
     00000002  b_vm_actor_move_cancel             vm_actor
     00000002  b_vm_actor_move_to                 vm_actor
     00000002  b_vm_actor_replace_tile            vm_actor
     00000002  b_vm_actor_set_anim                vm_actor
     00000002  b_vm_actor_set_anim_frame          vm_actor
     00000002  b_vm_actor_set_anim_set            vm_actor
     00000002  b_vm_actor_set_anim_tick           vm_actor
     00000002  b_vm_actor_set_bounds              vm_actor
     00000002  b_vm_actor_set_dir                 vm_actor
     00000002  b_vm_actor_set_flags               vm_actor
     00000002  b_vm_actor_set_move_speed          vm_actor
     00000002  b_vm_actor_set_pos                 vm_actor
     00000002  b_vm_actor_set_spritesheet         vm_actor
     00000002  b_vm_actor_set_spritesheet_by_re   vm_actor
     00000002  b_vm_actor_terminate_update        vm_actor
     00000002  l__HEADER10                     
     00000002  l__HEADER6                      
     00000002  l__HEADERd                      
     00000003  ___bank_actor_chest_interact       actor_chest_interact
     00000003  ___bank_bg_leaving_earth_tilemap   bg_leaving_earth_tilemap
     00000003  ___bank_bg_platform_path_tilemap   bg_platform_path_tilemap_att
     00000003  ___bank_scene_deeper_underground   scene_deeper_underground_spr
     00000003  ___bank_scene_space_battle_colli   scene_space_battle_collision
     00000003  ___bank_song_rulz_battletheme_0_   song_rulz_battletheme_0_Data
     00000003  l__HEADER9                      
     00000003  l__HEADER_LCD0                  
     00000003  l__HRAM12                       
     00000004  ___bank_VM_MAIN                    vm
     00000004  ___bank_actor_18_interact          actor_18_interact
     00000004  ___bank_font_gbs_variable_width    font_gbs_variable_width
     00000004  ___bank_scene_parallax_example_s   scene_parallax_example_sprit
     00000004  ___bank_song_rulz_fastpacespeedr   song_rulz_fastpacespeedrace_
     00000004  ___bank_song_rulz_gonaspace_0_Da   song_rulz_gonaspace_0_Data
     00000004  b_fade_applypalettechange          fade_manager
     00000004  b_fade_in                          fade_manager
     00000004  b_fade_in_modal                    fade_manager
     00000004  b_fade_init                        fade_manager
     00000004  b_fade_out                         fade_manager
ASxxxx Linker V03.00/V05.40 + sdld,  page 4.
Hexadecimal  [32-Bits]

Area                                    Addr        Size        Decimal Bytes (Attributes)
--------------------------------        ----        ----        ------- ----- ------------
.  .ABS.                            00000000    00000000 =           0. bytes (ABS,CON)

      Value  Global                              Global Defined In Module
      -----  --------------------------------   ------------------------
     00000004  b_fade_out_modal                   fade_manager
     00000004  b_fade_setspeed                    fade_manager
     00000004  b_fade_update                      fade_manager
     00000004  b_script_detach_hthread            vm
     00000004  b_script_execute                   vm
     00000004  b_script_runner_init               vm
     00000004  b_script_terminate                 vm
     00000004  b_vm_call                          vm
     00000004  b_vm_call_far                      vm
     00000004  b_vm_get_indirect                  vm
     00000004  b_vm_get_tlocal                    vm
     00000004  b_vm_idle                          vm
     00000004  b_vm_if                            vm
     00000004  b_vm_if_const                      vm
     00000004  b_vm_init_rng                      vm
     00000004  b_vm_invoke                        vm
     00000004  b_vm_join                          vm
     00000004  b_vm_jump                          vm
     00000004  b_vm_lock                          vm
     00000004  b_vm_loop                          vm
     00000004  b_vm_memcpy                        vm
     00000004  b_vm_memset                        vm
     00000004  b_vm_poll_loaded                   vm
     00000004  b_vm_pop                           vm
     00000004  b_vm_push                          vm
     00000004  b_vm_push_reference                vm
     00000004  b_vm_push_value                    vm
     00000004  b_vm_push_value_ind                vm
     00000004  b_vm_raise                         vm
     00000004  b_vm_rand                          vm
     00000004  b_vm_reserve                       vm
     00000004  b_vm_ret                           vm
     00000004  b_vm_ret_far                       vm
     00000004  b_vm_set                           vm
     00000004  b_vm_set_const                     vm
     00000004  b_vm_set_indirect                  vm
     00000004  b_vm_terminate                     vm
     00000004  b_vm_test_terminate                vm
     00000004  b_vm_unlock                        vm
     00000004  b_wait_frames                      vm
     00000004  l__CRASH_HEADER1                
     00000004  l__HEADER_SIO0                  
     00000004  l__HEADER_TIMER0                
     00000005  ___bank_bg_sample_town_tilemap     bg_sample_town_tilemap
     00000005  ___bank_bg_sample_town_tilemap_a   bg_sample_town_tilemap_attr
     00000005  ___bank_scene_menu_page_1_sprite   scene_menu_page_1_sprites
     00000005  ___bank_scene_menu_page_2_sprite   scene_menu_page_2_sprites
     00000005  ___bank_scene_sample_town_collis   scene_sample_town_collisions
     00000005  ___bank_song_rulz_pause_undergro   song_rulz_pause_underground_
     00000005  ___bank_song_rulz_undergroundcav   song_rulz_undergroundcave_0_
     00000005  ___bank_sprite_npc001_tileset      sprite_npc001_tileset
ASxxxx Linker V03.00/V05.40 + sdld,  page 5.
Hexadecimal  [32-Bits]

Area                                    Addr        Size        Decimal Bytes (Attributes)
--------------------------------        ----        ----        ------- ----- ------------
.  .ABS.                            00000000    00000000 =           0. bytes (ABS,CON)

      Value  Global                              Global Defined In Module
      -----  --------------------------------   ------------------------
     00000005  l__CRASH_HEADER0                
     00000005  l__HEADER1                      
     00000006  ___bank_VM_UI                      vm_ui
     00000006  ___bank_actor_machine_0_interact   actor_machine_0_interact
     00000006  ___bank_bg_parallax_tileset        bg_parallax_tileset
     00000006  ___bank_bg_platform_path_tilemap   bg_platform_path_tilemap
     00000006  ___bank_scene_path_to_sample_tow   scene_path_to_sample_town_co
     00000006  ___bank_song_drum_example_Data     song_drum_example_Data
     00000006  ___bank_song_echo_example_Data     song_echo_example_Data
     00000006  b_vm_choice                        vm_ui
     00000006  b_vm_display_text                  vm_ui
     00000006  b_vm_overlay_clear                 vm_ui
     00000006  b_vm_overlay_move_to               vm_ui
     00000006  b_vm_overlay_scroll                vm_ui
     00000006  b_vm_overlay_set_map               vm_ui
     00000006  b_vm_overlay_set_scroll            vm_ui
     00000006  b_vm_overlay_set_submap            vm_ui
     00000006  b_vm_overlay_set_submap_ex         vm_ui
     00000006  b_vm_overlay_setpos                vm_ui
     00000006  b_vm_overlay_show                  vm_ui
     00000006  b_vm_overlay_wait                  vm_ui
     00000006  b_vm_set_font                      vm_ui
     00000006  b_vm_set_text_sound                vm_ui
     00000006  b_vm_switch_text_layer             vm_ui
     00000006  l__HEADER8                      
     00000007  ___bank_actor_10_interact          actor_10_interact
     00000007  ___bank_bg_room_tileset            bg_room_tileset
     00000007  ___bank_song_rulz_intro_0_Data     song_rulz_intro_0_Data
     00000007  ___bank_song_rulz_outside_0_Data   song_rulz_outside_0_Data
     00000007  ___bank_song_rulz_spaceemergency   song_rulz_spaceemergency_0_D
     00000007  b_do_load_palette                  data_manager
     00000007  b_load_background                  data_manager
     00000007  b_load_bkg_tileset                 data_manager
     00000007  b_load_bounds                      data_manager
     00000007  b_load_emote                       data_manager
     00000007  b_load_init                        data_manager
     00000007  b_load_player                      data_manager
     00000007  b_load_scene                       data_manager
     00000007  b_load_sprite                      data_manager
     00000007  b_projectile_launch                projectiles
     00000007  b_projectiles_init                 projectiles
     00000007  b_shmup_init                       shmup
     00000007  b_shmup_update                     shmup
     00000007  l__HEADER2                      
     00000008  ___bank_VM_GAMEBOY                 vm_gameboy
     00000008  ___bank_bg_launch_site_tileset     bg_launch_site_tileset
     00000008  ___bank_bg_logo_tileset            bg_logo_tileset
     00000008  ___bank_bg_parallax_tilemap        bg_parallax_tilemap
     00000008  ___bank_bg_parallax_tilemap_attr   bg_parallax_tilemap_attr
     00000008  ___bank_bg_sample_town_tileset     bg_sample_town_tileset
     00000008  ___bank_bg_stars_tilemap           bg_stars_tilemap
ASxxxx Linker V03.00/V05.40 + sdld,  page 6.
Hexadecimal  [32-Bits]

Area                                    Addr        Size        Decimal Bytes (Attributes)
--------------------------------        ----        ----        ------- ----- ------------
.  .ABS.                            00000000    00000000 =           0. bytes (ABS,CON)

      Value  Global                              Global Defined In Module
      -----  --------------------------------   ------------------------
     00000008  ___bank_bg_stars_tilemap_attr      bg_stars_tilemap_attr
     00000008  ___bank_bg_titlescreen_tileset     bg_titlescreen_tileset
     00000008  ___bank_bg_underground_tilemap     bg_underground_tilemap
     00000008  ___bank_bg_underground_tilemap_a   bg_underground_tilemap_attr
     00000008  ___bank_bg_underground_tileset     bg_underground_tileset
     00000008  ___bank_scene_parallax_example_c   scene_parallax_example_colli
     00000008  ___mute_mask_sound_gbstudio_sfx_   sound_gbstudio_sfx_sav
     00000008  ___mute_mask_sound_gbstudio_sfx_   sound_gbstudio_sfx_sav
     00000008  ___mute_mask_sound_legacy_0        sound_legacy_0
     00000008  b_vm_context_prepare               vm_gameboy
     00000008  b_vm_fade                          vm_gameboy
     00000008  b_vm_get_tile_xy                   vm_gameboy
     00000008  b_vm_input_attach                  vm_gameboy
     00000008  b_vm_input_detach                  vm_gameboy
     00000008  b_vm_input_get                     vm_gameboy
     00000008  b_vm_input_wait                    vm_gameboy
     00000008  b_vm_load_tileset                  vm_gameboy
     00000008  b_vm_poll                          vm_gameboy
     00000008  b_vm_replace_tile                  vm_gameboy
     00000008  b_vm_replace_tile_xy               vm_gameboy
     00000008  b_vm_rumble                        vm_gameboy
     00000008  b_vm_set_sprite_mode               vm_gameboy
     00000008  b_vm_set_sprites_visible           vm_gameboy
     00000008  b_vm_timer_prepare                 vm_gameboy
     00000008  b_vm_timer_reset                   vm_gameboy
     00000008  b_vm_timer_set                     vm_gameboy
     00000008  b_vm_timer_stop                    vm_gameboy
     00000008  l__HEADER3                      
     00000009  ___bank_VM_CAMERA                  vm_camera
     00000009  ___bank_VM_SIO                     vm_sio
     00000009  ___bank_actor_19_interact          actor_19_interact
     00000009  ___bank_bg_hidden_cave_tilemap_a   bg_hidden_cave_tilemap_attr
     00000009  ___bank_bg_leaving_earth_tileset   bg_leaving_earth_tileset
     00000009  ___bank_bg_menu_page1_tileset      bg_menu_page1_tileset
     00000009  ___bank_bg_platform_path_tileset   bg_platform_path_tileset
     00000009  ___bank_scene_deep_space_collisi   scene_deep_space_collisions
     00000009  ___bank_scene_space_battle_actor   scene_space_battle_actors
     00000009  ___bank_scene_underground_collis   scene_underground_collisions
     00000009  ___bank_sound_gbstudio_sfx_sav_0   sound_gbstudio_sfx_sav
     00000009  ___bank_sound_gbstudio_sfx_sav_0   sound_gbstudio_sfx_sav
     00000009  ___bank_sound_gbstudio_sfx_sav_0   sound_gbstudio_sfx_sav
     00000009  ___bank_sound_gbstudio_sfx_sav_0   sound_gbstudio_sfx_sav
     00000009  ___bank_sound_gbstudio_sfx_sav_0   sound_gbstudio_sfx_sav
     00000009  ___bank_sound_gbstudio_sfx_sav_0   sound_gbstudio_sfx_sav
     00000009  ___bank_sound_gbstudio_sfx_sav_0   sound_gbstudio_sfx_sav
     00000009  ___bank_sound_gbstudio_sfx_sav_0   sound_gbstudio_sfx_sav
     00000009  ___bank_sound_gbstudio_sfx_sav_0   sound_gbstudio_sfx_sav
     00000009  ___bank_sound_gbstudio_sfx_sav_0   sound_gbstudio_sfx_sav
     00000009  ___bank_sprite_elephant            sprite_elephant
     00000009  ___bank_sprite_elephant_tileset    sprite_elephant_tileset
     00000009  b___HandleCrash_banked             
ASxxxx Linker V03.00/V05.40 + sdld,  page 7.
Hexadecimal  [32-Bits]

Area                                    Addr        Size        Decimal Bytes (Attributes)
--------------------------------        ----        ----        ------- ----- ------------
.  .ABS.                            00000000    00000000 =           0. bytes (ABS,CON)

      Value  Global                              Global Defined In Module
      -----  --------------------------------   ------------------------
     00000009  b_atan2                            math_atan2
     00000009  b_camera_shake_frames              vm_camera
     00000009  b_core_reset                       core
     00000009  b_core_run                         core
     00000009  b_data_clear                       load_save
     00000009  b_data_init                        load_save
     00000009  b_data_load                        load_save
     00000009  b_data_peek                        load_save
     00000009  b_data_save                        load_save
     00000009  b_gbprinter_detect                 gbprinter
     00000009  b_gbprinter_print_overlay          gbprinter
     00000009  b_pointnclick_init                 pointnclick
     00000009  b_pointnclick_update               pointnclick
     00000009  b_set_sgb_border                   sgb_border
     00000009  b_trigger_activate_at              trigger
     00000009  b_trigger_activate_at_intersecti   trigger
     00000009  b_trigger_at_intersection          trigger
     00000009  b_trigger_at_tile                  trigger
     00000009  b_trigger_interact                 trigger
     00000009  b_trigger_reset                    trigger
     00000009  b_vm_camera_move_to                vm_camera
     00000009  b_vm_camera_set_pos                vm_camera
     00000009  b_vm_sio_exchange                  vm_sio
     00000009  b_vm_sio_set_mode                  vm_sio
     0000000A  ___bank_VM_PALETTE                 vm_palette
     0000000A  ___bank_actor_gardener_interact    actor_gardener_interact
     0000000A  ___bank_actor_pet_owner_update     actor_pet_owner_update
     0000000A  ___bank_bg_black_tilemap           bg_black_tilemap
     0000000A  ___bank_bg_black_tilemap_attr      bg_black_tilemap_attr
     0000000A  ___bank_bg_cave_tilemap            bg_cave_tilemap
     0000000A  ___bank_bg_cave_tilemap_attr       bg_cave_tilemap_attr
     0000000A  ___bank_bg_cave_tileset            bg_cave_tileset
     0000000A  ___bank_bg_hidden_cave_tilemap     bg_hidden_cave_tilemap
     0000000A  ___bank_bg_house_tilemap           bg_house_tilemap
     0000000A  ___bank_bg_house_tilemap_attr      bg_house_tilemap_attr
     0000000A  ___bank_bg_launch_site_tilemap     bg_launch_site_tilemap
     0000000A  ___bank_bg_launch_site_tilemap_a   bg_launch_site_tilemap_attr
     0000000A  ___bank_bg_logo_tilemap            bg_logo_tilemap
     0000000A  ___bank_bg_logo_tilemap_attr       bg_logo_tilemap_attr
     0000000A  ___bank_bg_menu_page1_tilemap      bg_menu_page1_tilemap
     0000000A  ___bank_bg_menu_page1_tilemap_at   bg_menu_page1_tilemap_attr
     0000000A  ___bank_bg_menu_page2_tilemap      bg_menu_page2_tilemap
     0000000A  ___bank_bg_menu_page2_tilemap_at   bg_menu_page2_tilemap_attr
     0000000A  ___bank_bg_menu_page2_tileset      bg_menu_page2_tileset
     0000000A  ___bank_bg_room_tilemap            bg_room_tilemap
     0000000A  ___bank_bg_room_tilemap_attr       bg_room_tilemap_attr
     0000000A  ___bank_bg_titlescreen_tilemap     bg_titlescreen_tilemap
     0000000A  ___bank_bg_titlescreen_tilemap_a   bg_titlescreen_tilemap_attr
     0000000A  ___bank_scene_17_actors            scene_17_actors
     0000000A  ___bank_scene_17_collisions        scene_17_collisions
     0000000A  ___bank_scene_deeper_underground   scene_deeper_underground_col
ASxxxx Linker V03.00/V05.40 + sdld,  page 8.
Hexadecimal  [32-Bits]

Area                                    Addr        Size        Decimal Bytes (Attributes)
--------------------------------        ----        ----        ------- ----- ------------
.  .ABS.                            00000000    00000000 =           0. bytes (ABS,CON)

      Value  Global                              Global Defined In Module
      -----  --------------------------------   ------------------------
     0000000A  ___bank_scene_sample_town_actors   scene_sample_town_actors
     0000000A  ___bank_script_enemy_ship_moveme   script_enemy_ship_movement_
     0000000A  ___bank_script_enemy_ship_moveme   script_enemy_ship_movement__
     0000000A  ___bank_script_enemy_ship_moveme   script_enemy_ship_movement__
     0000000A  ___bank_script_enemy_ship_moveme   script_enemy_ship_movement__
     0000000A  ___bank_sprite_npc002_tileset      sprite_npc002_tileset
     0000000A  ___bank_sprite_npc003_tileset      sprite_npc003_tileset
     0000000A  ___bank_sprite_npc004_tileset      sprite_npc004_tileset
     0000000A  ___bank_sprite_npc005_tileset      sprite_npc005_tileset
     0000000A  ___bank_sprite_player_platform     sprite_player_platform
     0000000A  ___bank_sprite_player_platform_t   sprite_player_platform_tiles
     0000000A  ___bank_sprite_player_tileset      sprite_player_tileset
     0000000A  ___bank_sprite_space_mine_tilese   sprite_space_mine_tileset
     0000000A  ___bank_trigger_13_interact        trigger_13_interact
     0000000A  ___bank_trigger_38_interact        trigger_38_interact
     0000000A  ___mute_mask_sound_gbstudio_sfx_   sound_gbstudio_sfx_sav
     0000000A  b_vm_load_palette                  vm_palette
     0000000B  ___bank_VM_GBPRINTER               vm_gbprinter
     0000000B  ___bank_VM_MATH                    vm_math
     0000000B  ___bank_VM_MUSIC                   vm_music
     0000000B  ___bank_VM_PROJECTILE              vm_projectiles
     0000000B  ___bank_VM_RTC                     vm_rtc
     0000000B  ___bank_actor_20_interact          actor_20_interact
     0000000B  ___bank_actor_angry_guy_interact   actor_angry_guy_interact
     0000000B  ___bank_actor_ice_block_interact   actor_ice_block_interact
     0000000B  ___bank_actor_pet_owner_interact   actor_pet_owner_interact
     0000000B  ___bank_actor_radio_guy_interact   actor_radio_guy_interact
     0000000B  ___bank_actor_sage_interact        actor_sage_interact
     0000000B  ___bank_actor_save_point_0_inter   actor_save_point_0_interact
     0000000B  ___bank_actor_save_point_1_inter   actor_save_point_1_interact
     0000000B  ___bank_actor_save_point_interac   actor_save_point_interact
     0000000B  ___bank_actor_scientist_interact   actor_scientist_interact
     0000000B  ___bank_actor_scientist_update     actor_scientist_update
     0000000B  ___bank_actor_sign_post_0_intera   actor_sign_post_0_interact
     0000000B  ___bank_actor_space_dog_interact   actor_space_dog_interact
     0000000B  ___bank_actor_turnip_1_interact    actor_turnip_1_interact
     0000000B  ___bank_actor_turnip_1_update      actor_turnip_1_update
     0000000B  ___bank_actor_turnip_2_interact    actor_turnip_2_interact
     0000000B  ___bank_actor_turnip_2_update      actor_turnip_2_update
     0000000B  ___bank_actor_turnip_3_interact    actor_turnip_3_interact
     0000000B  ___bank_actor_turnip_3_update      actor_turnip_3_update
     0000000B  ___bank_bg_hidden_cave_tileset     bg_hidden_cave_tileset
     0000000B  ___bank_bg_house_tileset           bg_house_tileset
     0000000B  ___bank_scene_cave_actors          scene_cave_actors
     0000000B  ___bank_scene_cave_collisions      scene_cave_collisions
     0000000B  ___bank_scene_dream_collisions     scene_dream_collisions
     0000000B  ___bank_scene_dream_init           scene_dream_init
     0000000B  ___bank_scene_launch_site_actors   scene_launch_site_actors
     0000000B  ___bank_scene_launch_site_collis   scene_launch_site_collisions
     0000000B  ___bank_scene_logo_collisions      scene_logo_collisions
     0000000B  ___bank_scene_menu_page_1_actors   scene_menu_page_1_actors
ASxxxx Linker V03.00/V05.40 + sdld,  page 9.
Hexadecimal  [32-Bits]

Area                                    Addr        Size        Decimal Bytes (Attributes)
--------------------------------        ----        ----        ------- ----- ------------
.  .ABS.                            00000000    00000000 =           0. bytes (ABS,CON)

      Value  Global                              Global Defined In Module
      -----  --------------------------------   ------------------------
     0000000B  ___bank_scene_menu_page_1_collis   scene_menu_page_1_collisions
     0000000B  ___bank_scene_menu_page_1_init     scene_menu_page_1_init
     0000000B  ___bank_scene_menu_page_2_actors   scene_menu_page_2_actors
     0000000B  ___bank_scene_menu_page_2_collis   scene_menu_page_2_collisions
     0000000B  ___bank_scene_menu_page_2_init     scene_menu_page_2_init
     0000000B  ___bank_scene_path_to_sample_tow   scene_path_to_sample_town_ac
     0000000B  ___bank_scene_path_to_sample_tow   scene_path_to_sample_town_in
     0000000B  ___bank_scene_player_s_house_col   scene_player_s_house_collisi
     0000000B  ___bank_scene_title_screen_colli   scene_title_screen_collision
     0000000B  ___bank_scene_title_screen_init    scene_title_screen_init
     0000000B  ___bank_scene_top_house_actors     scene_top_house_actors
     0000000B  ___bank_scene_top_house_collisio   scene_top_house_collisions
     0000000B  ___bank_scene_underground_actors   scene_underground_actors
     0000000B  ___bank_script_timer               script_timer
     0000000B  ___bank_sprite_enemy_ship_tilese   sprite_enemy_ship_tileset
     0000000B  ___bank_sprite_fire_tileset        sprite_fire_tileset
     0000000B  ___bank_sprite_npc003              sprite_npc003
     0000000B  ___bank_sprite_npc004              sprite_npc004
     0000000B  ___bank_sprite_npc005              sprite_npc005
     0000000B  ___bank_sprite_npc007_tileset      sprite_npc007_tileset
     0000000B  ___bank_sprite_npc008_tileset      sprite_npc008_tileset
     0000000B  ___bank_sprite_player              sprite_player
     0000000B  ___bank_sprite_player_ship         sprite_player_ship
     0000000B  ___bank_sprite_player_ship_tiles   sprite_player_ship_tileset
     0000000B  ___bank_sprite_pod_door_tileset    sprite_pod_door_tileset
     0000000B  ___bank_sprite_portal_tileset      sprite_portal_tileset
     0000000B  ___bank_sprite_turnip_tileset      sprite_turnip_tileset
     0000000B  ___bank_trigger_10_interact        trigger_10_interact
     0000000B  ___bank_trigger_11_interact        trigger_11_interact
     0000000B  b_erase_flash                      
     0000000B  b_itoa_fmt                         vm_ui_a
     0000000B  b_music_events_poll                music_manager
     0000000B  b_music_init_driver                music_manager
     0000000B  b_music_init_events                music_manager
     0000000B  b_save_sram_banks                  
     0000000B  b_vm_cos_scale                     vm_math
     0000000B  b_vm_music_mute                    vm_music
     0000000B  b_vm_music_play                    vm_music
     0000000B  b_vm_music_routine                 vm_music
     0000000B  b_vm_music_setpos                  vm_music
     0000000B  b_vm_music_stop                    vm_music
     0000000B  b_vm_print_detect                  vm_gbprinter
     0000000B  b_vm_print_overlay                 vm_gbprinter
     0000000B  b_vm_projectile_launch             vm_projectiles
     0000000B  b_vm_projectile_load_type          vm_projectiles
     0000000B  b_vm_rtc_get                       vm_rtc
     0000000B  b_vm_rtc_latch                     vm_rtc
     0000000B  b_vm_rtc_set                       vm_rtc
     0000000B  b_vm_rtc_start                     vm_rtc
     0000000B  b_vm_sfx_play                      vm_music
     0000000B  b_vm_sin_scale                     vm_math
ASxxxx Linker V03.00/V05.40 + sdld,  page 10.
Hexadecimal  [32-Bits]

Area                                    Addr        Size        Decimal Bytes (Attributes)
--------------------------------        ----        ----        ------- ----- ------------
.  .ABS.                            00000000    00000000 =           0. bytes (ABS,CON)

      Value  Global                              Global Defined In Module
      -----  --------------------------------   ------------------------
     0000000B  b_vm_sound_mastervol               vm_music
     0000000C  ___bank_VM_LOAD_SAVE               vm_load_save
     0000000C  ___bank_VM_SCENE                   vm_scene
     0000000C  ___bank_actor_10_update            actor_10_update
     0000000C  ___bank_actor_11_interact          actor_11_interact
     0000000C  ___bank_actor_11_update            actor_11_update
     0000000C  ___bank_actor_12_interact          actor_12_interact
     0000000C  ___bank_actor_12_update            actor_12_update
     0000000C  ___bank_actor_13_interact          actor_13_interact
     0000000C  ___bank_actor_13_update            actor_13_update
     0000000C  ___bank_actor_14_interact          actor_14_interact
     0000000C  ___bank_actor_14_update            actor_14_update
     0000000C  ___bank_actor_15_interact          actor_15_interact
     0000000C  ___bank_actor_15_update            actor_15_update
     0000000C  ___bank_actor_16_interact          actor_16_interact
     0000000C  ___bank_actor_16_update            actor_16_update
     0000000C  ___bank_actor_17_interact          actor_17_interact
     0000000C  ___bank_actor_17_update            actor_17_update
     0000000C  ___bank_actor_20_update            actor_20_update
     0000000C  ___bank_actor_21_interact          actor_21_interact
     0000000C  ___bank_actor_22_interact          actor_22_interact
     0000000C  ___bank_actor_23_interact          actor_23_interact
     0000000C  ___bank_actor_24_interact          actor_24_interact
     0000000C  ___bank_actor_25_interact          actor_25_interact
     0000000C  ___bank_actor_26_interact          actor_26_interact
     0000000C  ___bank_actor_3_interact           actor_3_interact
     0000000C  ___bank_actor_3_update             actor_3_update
     0000000C  ___bank_actor_4_interact           actor_4_interact
     0000000C  ___bank_actor_4_update             actor_4_update
     0000000C  ___bank_actor_5_interact           actor_5_interact
     0000000C  ___bank_actor_5_update             actor_5_update
     0000000C  ___bank_actor_6_interact           actor_6_interact
     0000000C  ___bank_actor_6_update             actor_6_update
     0000000C  ___bank_actor_7_interact           actor_7_interact
     0000000C  ___bank_actor_7_update             actor_7_update
     0000000C  ___bank_actor_8_interact           actor_8_interact
     0000000C  ___bank_actor_8_update             actor_8_update
     0000000C  ___bank_actor_9_interact           actor_9_interact
     0000000C  ___bank_actor_9_update             actor_9_update
     0000000C  ___bank_actor_cat_interact         actor_cat_interact
     0000000C  ___bank_actor_hider_interact       actor_hider_interact
     0000000C  ___bank_actor_machine_1_interact   actor_machine_1_interact
     0000000C  ___bank_actor_machine_2_interact   actor_machine_2_interact
     0000000C  ___bank_actor_machine_interact     actor_machine_interact
     0000000C  ___bank_actor_oblivious_guy_inte   actor_oblivious_guy_interact
     0000000C  ___bank_actor_radio_interact       actor_radio_interact
     0000000C  ___bank_actor_rock_1_interact      actor_rock_1_interact
     0000000C  ___bank_actor_rock_2_interact      actor_rock_2_interact
     0000000C  ___bank_actor_rock_3_interact      actor_rock_3_interact
     0000000C  ___bank_actor_rock_interact        actor_rock_interact
     0000000C  ___bank_actor_sign_post_1_intera   actor_sign_post_1_interact
ASxxxx Linker V03.00/V05.40 + sdld,  page 11.
Hexadecimal  [32-Bits]

Area                                    Addr        Size        Decimal Bytes (Attributes)
--------------------------------        ----        ----        ------- ----- ------------
.  .ABS.                            00000000    00000000 =           0. bytes (ABS,CON)

      Value  Global                              Global Defined In Module
      -----  --------------------------------   ------------------------
     0000000C  ___bank_actor_sign_post_2_intera   actor_sign_post_2_interact
     0000000C  ___bank_actor_sign_post_3_intera   actor_sign_post_3_interact
     0000000C  ___bank_actor_sign_post_4_intera   actor_sign_post_4_interact
     0000000C  ___bank_actor_sign_post_5_intera   actor_sign_post_5_interact
     0000000C  ___bank_actor_sign_post_interact   actor_sign_post_interact
     0000000C  ___bank_avatar_font_0              avatar_font_0
     0000000C  ___bank_bg_black                   bg_black
     0000000C  ___bank_bg_black_tileset           bg_black_tileset
     0000000C  ___bank_bg_cave                    bg_cave
     0000000C  ___bank_bg_hidden_cave             bg_hidden_cave
     0000000C  ___bank_bg_house                   bg_house
     0000000C  ___bank_bg_launch_site             bg_launch_site
     0000000C  ___bank_bg_leaving_earth           bg_leaving_earth
     0000000C  ___bank_bg_logo                    bg_logo
     0000000C  ___bank_bg_menu_page1              bg_menu_page1
     0000000C  ___bank_bg_menu_page2              bg_menu_page2
     0000000C  ___bank_bg_parallax                bg_parallax
     0000000C  ___bank_bg_platform_path           bg_platform_path
     0000000C  ___bank_bg_room                    bg_room
     0000000C  ___bank_bg_sample_town             bg_sample_town
     0000000C  ___bank_bg_stars                   bg_stars
     0000000C  ___bank_bg_stars_tileset           bg_stars_tileset
     0000000C  ___bank_bg_titlescreen             bg_titlescreen
     0000000C  ___bank_bg_underground             bg_underground
     0000000C  ___bank_bootstrap_script           
     0000000C  ___bank_cursor_image               cursor_image
     0000000C  ___bank_emote_anger                emote_anger
     0000000C  ___bank_emote_music                emote_music
     0000000C  ___bank_emote_pause                emote_pause
     0000000C  ___bank_emote_shock                emote_shock
     0000000C  ___bank_emote_sweat                emote_sweat
     0000000C  ___bank_frame_image                frame_image
     0000000C  ___bank_palette_0                  palette_0
     0000000C  ___bank_palette_1                  palette_1
     0000000C  ___bank_palette_10                 palette_10
     0000000C  ___bank_palette_2                  palette_2
     0000000C  ___bank_palette_3                  palette_3
     0000000C  ___bank_palette_4                  palette_4
     0000000C  ___bank_palette_5                  palette_5
     0000000C  ___bank_palette_6                  palette_6
     0000000C  ___bank_palette_7                  palette_7
     0000000C  ___bank_palette_8                  palette_8
     0000000C  ___bank_palette_9                  palette_9
     0000000C  ___bank_scene_17                   scene_17
     0000000C  ___bank_scene_17_init              scene_17_init
     0000000C  ___bank_scene_17_sprites           scene_17_sprites
     0000000C  ___bank_scene_17_triggers          scene_17_triggers
     0000000C  ___bank_scene_cave                 scene_cave
     0000000C  ___bank_scene_cave_init            scene_cave_init
     0000000C  ___bank_scene_cave_sprites         scene_cave_sprites
     0000000C  ___bank_scene_cave_triggers        scene_cave_triggers
ASxxxx Linker V03.00/V05.40 + sdld,  page 12.
Hexadecimal  [32-Bits]

Area                                    Addr        Size        Decimal Bytes (Attributes)
--------------------------------        ----        ----        ------- ----- ------------
.  .ABS.                            00000000    00000000 =           0. bytes (ABS,CON)

      Value  Global                              Global Defined In Module
      -----  --------------------------------   ------------------------
     0000000C  ___bank_scene_deep_space           scene_deep_space
     0000000C  ___bank_scene_deep_space_actors    scene_deep_space_actors
     0000000C  ___bank_scene_deep_space_init      scene_deep_space_init
     0000000C  ___bank_scene_deep_space_sprites   scene_deep_space_sprites
     0000000C  ___bank_scene_deep_space_trigger   scene_deep_space_triggers
     0000000C  ___bank_scene_deeper_underground   scene_deeper_underground
     0000000C  ___bank_scene_deeper_underground   scene_deeper_underground_act
     0000000C  ___bank_scene_deeper_underground   scene_deeper_underground_ini
     0000000C  ___bank_scene_deeper_underground   scene_deeper_underground_tri
     0000000C  ___bank_scene_dream                scene_dream
     0000000C  ___bank_scene_launch_site          scene_launch_site
     0000000C  ___bank_scene_launch_site_init     scene_launch_site_init
     0000000C  ___bank_scene_launch_site_sprite   scene_launch_site_sprites
     0000000C  ___bank_scene_launch_site_trigge   scene_launch_site_triggers
     0000000C  ___bank_scene_logo                 scene_logo
     0000000C  ___bank_scene_logo_init            scene_logo_init
     0000000C  ___bank_scene_menu_page_1          scene_menu_page_1
     0000000C  ___bank_scene_menu_page_2          scene_menu_page_2
     0000000C  ___bank_scene_parallax_example     scene_parallax_example
     0000000C  ___bank_scene_parallax_example_a   scene_parallax_example_actor
     0000000C  ___bank_scene_parallax_example_i   scene_parallax_example_init
     0000000C  ___bank_scene_parallax_example_t   scene_parallax_example_trigg
     0000000C  ___bank_scene_path_to_sample_tow   scene_path_to_sample_town
     0000000C  ___bank_scene_path_to_sample_tow   scene_path_to_sample_town_sp
     0000000C  ___bank_scene_path_to_sample_tow   scene_path_to_sample_town_tr
     0000000C  ___bank_scene_player_s_house       scene_player_s_house
     0000000C  ___bank_scene_player_s_house_ini   scene_player_s_house_init
     0000000C  ___bank_scene_player_s_house_tri   scene_player_s_house_trigger
     0000000C  ___bank_scene_sample_town          scene_sample_town
     0000000C  ___bank_scene_sample_town_init     scene_sample_town_init
     0000000C  ___bank_scene_sample_town_sprite   scene_sample_town_sprites
     0000000C  ___bank_scene_sample_town_trigge   scene_sample_town_triggers
     0000000C  ___bank_scene_space_battle         scene_space_battle
     0000000C  ___bank_scene_space_battle_init    scene_space_battle_init
     0000000C  ___bank_scene_space_battle_p_hit   scene_space_battle_p_hit1
     0000000C  ___bank_scene_space_battle_proje   scene_space_battle_projectil
     0000000C  ___bank_scene_space_battle_sprit   scene_space_battle_sprites
     0000000C  ___bank_scene_space_battle_trigg   scene_space_battle_triggers
     0000000C  ___bank_scene_title_screen         scene_title_screen
     0000000C  ___bank_scene_top_house            scene_top_house
     0000000C  ___bank_scene_top_house_init       scene_top_house_init
     0000000C  ___bank_scene_top_house_sprites    scene_top_house_sprites
     0000000C  ___bank_scene_top_house_triggers   scene_top_house_triggers
     0000000C  ___bank_scene_underground          scene_underground
     0000000C  ___bank_scene_underground_init     scene_underground_init
     0000000C  ___bank_scene_underground_sprite   scene_underground_sprites
     0000000C  ___bank_scene_underground_trigge   scene_underground_triggers
     0000000C  ___bank_script_enemy_ship_destro   script_enemy_ship_destroy
     0000000C  ___bank_script_enemy_ship_hit_pl   script_enemy_ship_hit_playe
     0000000C  ___bank_script_engine_init         
     0000000C  ___bank_script_init_menu           script_init_menu
ASxxxx Linker V03.00/V05.40 + sdld,  page 13.
Hexadecimal  [32-Bits]

Area                                    Addr        Size        Decimal Bytes (Attributes)
--------------------------------        ----        ----        ------- ----- ------------
.  .ABS.                            00000000    00000000 =           0. bytes (ABS,CON)

      Value  Global                              Global Defined In Module
      -----  --------------------------------   ------------------------
     0000000C  ___bank_script_init_weapons        script_init_weapons
     0000000C  ___bank_script_input               script_input
     0000000C  ___bank_script_input_5             script_input_5
     0000000C  ___bank_sound_legacy_0             sound_legacy_0
     0000000C  ___bank_sprite_bullet_left         sprite_bullet_left
     0000000C  ___bank_sprite_bullet_left_tiles   sprite_bullet_left_tileset
     0000000C  ___bank_sprite_bullet_right        sprite_bullet_right
     0000000C  ___bank_sprite_bullet_right_tile   sprite_bullet_right_tileset
     0000000C  ___bank_sprite_cat                 sprite_cat
     0000000C  ___bank_sprite_cat_tileset         sprite_cat_tileset
     0000000C  ___bank_sprite_checkbox            sprite_checkbox
     0000000C  ___bank_sprite_checkbox_tileset    sprite_checkbox_tileset
     0000000C  ___bank_sprite_chest               sprite_chest
     0000000C  ___bank_sprite_chest_tileset       sprite_chest_tileset
     0000000C  ___bank_sprite_cursor              sprite_cursor
     0000000C  ___bank_sprite_cursor_tileset      sprite_cursor_tileset
     0000000C  ___bank_sprite_dog                 sprite_dog
     0000000C  ___bank_sprite_dog_tileset         sprite_dog_tileset
     0000000C  ___bank_sprite_drumkit             sprite_drumkit
     0000000C  ___bank_sprite_drumkit_tileset     sprite_drumkit_tileset
     0000000C  ___bank_sprite_duck                sprite_duck
     0000000C  ___bank_sprite_duck_tileset        sprite_duck_tileset
     0000000C  ___bank_sprite_enemy_ship          sprite_enemy_ship
     0000000C  ___bank_sprite_hidden_stairs       sprite_hidden_stairs
     0000000C  ___bank_sprite_hidden_stairs_til   sprite_hidden_stairs_tileset
     0000000C  ___bank_sprite_ice                 sprite_ice
     0000000C  ___bank_sprite_ice_tileset         sprite_ice_tileset
     0000000C  ___bank_sprite_keyboard            sprite_keyboard
     0000000C  ___bank_sprite_keyboard_tileset    sprite_keyboard_tileset
     0000000C  ___bank_sprite_machine             sprite_machine
     0000000C  ___bank_sprite_machine_tileset     sprite_machine_tileset
     0000000C  ___bank_sprite_npc001              sprite_npc001
     0000000C  ___bank_sprite_npc002              sprite_npc002
     0000000C  ___bank_sprite_npc007              sprite_npc007
     0000000C  ___bank_sprite_npc008              sprite_npc008
     0000000C  ___bank_sprite_npc_gardener        sprite_npc_gardener
     0000000C  ___bank_sprite_npc_gardener_tile   sprite_npc_gardener_tileset
     0000000C  ___bank_sprite_pod_door            sprite_pod_door
     0000000C  ___bank_sprite_portal              sprite_portal
     0000000C  ___bank_sprite_radio               sprite_radio
     0000000C  ___bank_sprite_radio_tileset       sprite_radio_tileset
     0000000C  ___bank_sprite_rock                sprite_rock
     0000000C  ___bank_sprite_rock_tileset        sprite_rock_tileset
     0000000C  ___bank_sprite_sage                sprite_sage
     0000000C  ___bank_sprite_sage_tileset        sprite_sage_tileset
     0000000C  ___bank_sprite_savepoint           sprite_savepoint
     0000000C  ___bank_sprite_savepoint_tileset   sprite_savepoint_tileset
     0000000C  ___bank_sprite_signpost            sprite_signpost
     0000000C  ___bank_sprite_signpost_tileset    sprite_signpost_tileset
     0000000C  ___bank_sprite_space_mine          sprite_space_mine
     0000000C  ___bank_sprite_torch               sprite_torch
ASxxxx Linker V03.00/V05.40 + sdld,  page 14.
Hexadecimal  [32-Bits]

Area                                    Addr        Size        Decimal Bytes (Attributes)
--------------------------------        ----        ----        ------- ----- ------------
.  .ABS.                            00000000    00000000 =           0. bytes (ABS,CON)

      Value  Global                              Global Defined In Module
      -----  --------------------------------   ------------------------
     0000000C  ___bank_sprite_torch_tileset       sprite_torch_tileset
     0000000C  ___bank_sprite_turnip              sprite_turnip
     0000000C  ___bank_sprite_ui_weapon           sprite_ui_weapon
     0000000C  ___bank_sprite_ui_weapon_tileset   sprite_ui_weapon_tileset
     0000000C  ___bank_spritesheet_none           spritesheet_none
     0000000C  ___bank_tileset_default_frame      tileset_default_frame
     0000000C  ___bank_tileset_flowers            tileset_flowers
     0000000C  ___bank_tileset_waterfall          tileset_waterfall
     0000000C  ___bank_trigger_0_interact         trigger_0_interact
     0000000C  ___bank_trigger_12_interact        trigger_12_interact
     0000000C  ___bank_trigger_14_interact        trigger_14_interact
     0000000C  ___bank_trigger_15_interact        trigger_15_interact
     0000000C  ___bank_trigger_16_interact        trigger_16_interact
     0000000C  ___bank_trigger_17_interact        trigger_17_interact
     0000000C  ___bank_trigger_18_interact        trigger_18_interact
     0000000C  ___bank_trigger_19_interact        trigger_19_interact
     0000000C  ___bank_trigger_1_interact         trigger_1_interact
     0000000C  ___bank_trigger_20_interact        trigger_20_interact
     0000000C  ___bank_trigger_21_interact        trigger_21_interact
     0000000C  ___bank_trigger_22_interact        trigger_22_interact
     0000000C  ___bank_trigger_23_interact        trigger_23_interact
     0000000C  ___bank_trigger_24_interact        trigger_24_interact
     0000000C  ___bank_trigger_25_interact        trigger_25_interact
     0000000C  ___bank_trigger_26_interact        trigger_26_interact
     0000000C  ___bank_trigger_27_interact        trigger_27_interact
     0000000C  ___bank_trigger_28_interact        trigger_28_interact
     0000000C  ___bank_trigger_29_interact        trigger_29_interact
     0000000C  ___bank_trigger_2_interact         trigger_2_interact
     0000000C  ___bank_trigger_30_interact        trigger_30_interact
     0000000C  ___bank_trigger_31_interact        trigger_31_interact
     0000000C  ___bank_trigger_32_interact        trigger_32_interact
     0000000C  ___bank_trigger_33_interact        trigger_33_interact
     0000000C  ___bank_trigger_34_interact        trigger_34_interact
     0000000C  ___bank_trigger_35_interact        trigger_35_interact
     0000000C  ___bank_trigger_36_interact        trigger_36_interact
     0000000C  ___bank_trigger_37_interact        trigger_37_interact
     0000000C  ___bank_trigger_39_interact        trigger_39_interact
     0000000C  ___bank_trigger_3_interact         trigger_3_interact
     0000000C  ___bank_trigger_40_interact        trigger_40_interact
     0000000C  ___bank_trigger_41_interact        trigger_41_interact
     0000000C  ___bank_trigger_4_interact         trigger_4_interact
     0000000C  ___bank_trigger_5_interact         trigger_5_interact
     0000000C  ___bank_trigger_6_interact         trigger_6_interact
     0000000C  ___bank_trigger_7_interact         trigger_7_interact
     0000000C  ___bank_trigger_8_interact         trigger_8_interact
     0000000C  ___bank_trigger_9_interact         trigger_9_interact
     0000000C  __start_save                    
     0000000C  b_CGBZeroPalette                   palette
     0000000C  b_camera_init                      camera
     0000000C  b_events_init                      events
     0000000C  b_input_init                       input
ASxxxx Linker V03.00/V05.40 + sdld,  page 15.
Hexadecimal  [32-Bits]

Area                                    Addr        Size        Decimal Bytes (Attributes)
--------------------------------        ----        ----        ------- ----- ------------
.  .ABS.                            00000000    00000000 =           0. bytes (ABS,CON)

      Value  Global                              Global Defined In Module
      -----  --------------------------------   ------------------------
     0000000C  b_logo_init                        logo
     0000000C  b_logo_update                      logo
     0000000C  b_palette_init                     palette
     0000000C  b_parallax_init                    parallax
     0000000C  b_remove_LCD_ISRs                  interrupts
     0000000C  b_restore_sram                     flasher
     0000000C  b_restore_sram_bank                flasher
     0000000C  b_save_sram                        flasher
     0000000C  b_scroll_rect                      
     0000000C  b_timers_init                      events
     0000000C  b_vm_save_clear                    vm_load_save
     0000000C  b_vm_save_peek                     vm_load_save
     0000000C  b_vm_scene_pop                     vm_scene
     0000000C  b_vm_scene_pop_all                 vm_scene
     0000000C  b_vm_scene_push                    vm_scene
     0000000C  b_vm_scene_stack_reset             vm_scene
     0000001A  l__INITIALIZED                  
     0000001A  l__INITIALIZER                  
     00000027  l__GSINIT                       
     00000030  l__HEADER7                      
     00000060  l__HEADER4                      
     000000AB  l__HEADER11                     
     000001CB  l__CRASH_SCRATCH2               
     00000200  s__CODE                         
     00000ECE  l__CODE                         
     000010CE  s__HOME                         
     00001993  l__DATA                         
     00002000  _rROMB0                            
     00002D53  l__HOME                         
     00003000  _rROMB1                            
     00003A8B  l__CODE_12                      
     00003E21  s__BASE                         
     00003E21  s__CODE_0                       
     00003E21  s__INITIALIZER                  
     00003E21  s__LIT                          
     00003E3B  s__GSINIT                       
     00003E62  s__GSFINAL                      
     00003FFB  l__CODE_11                      
     00003FFC  l__CODE_10                      
     00003FFC  l__CODE_8                       
     00003FFD  l__CODE_9                       
     00003FFE  l__CODE_6                       
     00003FFF  l__CODE_1                       
     00004000  _RTC_SELECT_REG                    vm_rtc
     00004000  _rRAMB                             
     00004000  l__CODE_2                       
     00004000  l__CODE_3                       
     00004000  l__CODE_4                       
     00004000  l__CODE_5                       
     00004000  l__CODE_7                       
     00006000  _RTC_LATCH_REG                     vm_rtc
ASxxxx Linker V03.00/V05.40 + sdld,  page 16.
Hexadecimal  [32-Bits]

Area                                    Addr        Size        Decimal Bytes (Attributes)
--------------------------------        ----        ----        ------- ----- ------------
.  .ABS.                            00000000    00000000 =           0. bytes (ABS,CON)

      Value  Global                              Global Defined In Module
      -----  --------------------------------   ------------------------
     00008000  __VRAM                             
     00008000  __VRAM8000                         
     00008800  __VRAM8800                         
     00009000  __VRAM9000                         
     00009800  __SCRN0                            
     00009C00  __SCRN1                            
     0000A000  _RTC_VALUE_REG                     vm_rtc
     0000A000  __SRAM                             
     0000C000  __RAM                              
     0000C000  _shadow_OAM                     
     0000C0A0  s__DATA                         
     0000D000  __RAMBANK                          
     0000DA33  s__BSS                          
     0000DA33  s__INITIALIZED                  
     0000DA4D  s__HEAP                         
     0000DA4D  s__HEAP_END                     
     0000DF00  .STACK                          
     0000DF00  _shadow_OAM2                       absolute
     0000DFA0  _BkgPalette                        absolute
     0000DFE0  _vwf_tile_data                     absolute
     0000FE00  __OAMRAM                           
     0000FF00  _P1_REG                            
     0000FF00  __IO                               
     0000FF01  _SB_REG                            
     0000FF02  _SC_REG                            
     0000FF04  _DIV_REG                           
     0000FF05  _TIMA_REG                          
     0000FF06  _TMA_REG                           
     0000FF07  _TAC_REG                           
     0000FF0F  _IF_REG                            
     0000FF10  _NR10_REG                          
     0000FF11  _NR11_REG                          
     0000FF12  _NR12_REG                          
     0000FF13  _NR13_REG                          
     0000FF14  _NR14_REG                          
     0000FF16  _NR21_REG                          
     0000FF17  _NR22_REG                          
     0000FF18  _NR23_REG                          
     0000FF19  _NR24_REG                          
     0000FF1A  _NR30_REG                          
     0000FF1B  _NR31_REG                          
     0000FF1C  _NR32_REG                          
     0000FF1D  _NR33_REG                          
     0000FF1E  _NR34_REG                          
     0000FF20  _NR41_REG                          
     0000FF21  _NR42_REG                          
     0000FF22  _NR43_REG                          
     0000FF23  _NR44_REG                          
     0000FF24  _NR50_REG                          
     0000FF25  _NR51_REG                          
     0000FF26  _NR52_REG                          
ASxxxx Linker V03.00/V05.40 + sdld,  page 17.
Hexadecimal  [32-Bits]

Area                                    Addr        Size        Decimal Bytes (Attributes)
--------------------------------        ----        ----        ------- ----- ------------
.  .ABS.                            00000000    00000000 =           0. bytes (ABS,CON)

      Value  Global                              Global Defined In Module
      -----  --------------------------------   ------------------------
     0000FF30  _AUD3WAVE                          
     0000FF30  _PCM_SAMPLE                        
     0000FF30  __AUD3WAVERAM                      
     0000FF40  _LCDC_REG                          
     0000FF41  _STAT_REG                          
     0000FF42  _SCY_REG                           
     0000FF43  _SCX_REG                           
     0000FF44  _LY_REG                            
     0000FF45  _LYC_REG                           
     0000FF46  _DMA_REG                           
     0000FF47  _BGP_REG                           
     0000FF48  _OBP0_REG                          
     0000FF49  _OBP1_REG                          
     0000FF4A  _WY_REG                            
     0000FF4B  _WX_REG                            
     0000FF4D  _KEY1_REG                          
     0000FF4F  _VBK_REG                           
     0000FF51  _HDMA1_REG                         
     0000FF52  _HDMA2_REG                         
     0000FF53  _HDMA3_REG                         
     0000FF54  _HDMA4_REG                         
     0000FF55  _HDMA5_REG                         
     0000FF56  _RP_REG                            
     0000FF68  _BCPS_REG                          
     0000FF69  _BCPD_REG                          
     0000FF6A  _OCPS_REG                          
     0000FF6B  _OCPD_REG                          
     0000FF70  _SVBK_REG                          
     0000FF76  _PCM12_REG                         
     0000FF77  _PCM34_REG                         
     0000FF80  .refresh_OAM                    
     0000FF80  __HRAM                             
     0000FFFF  _IE_REG                            
     00014000  s__CODE_1                       
     00024000  s__CODE_2                       
     00034000  s__CODE_3                       
     00044000  s__CODE_4                       
     00054000  s__CODE_5                       
     00064000  s__CODE_6                       
     00074000  s__CODE_7                       
     00084000  s__CODE_8                       
     00094000  s__CODE_9                       
     000A4000  s__CODE_10                      
     000B4000  s__CODE_11                      
     000C4000  s__CODE_12                      

ASxxxx Linker V03.00/V05.40 + sdld,  page 18.
Hexadecimal  [32-Bits]

Area                                    Addr        Size        Decimal Bytes (Attributes)
--------------------------------        ----        ----        ------- ----- ------------
_CODE                               00000200    00000ECE =        3790. bytes (REL,CON)

      Value  Global                              Global Defined In Module
      -----  --------------------------------   ------------------------
     00000200  ___HandleCrash                     
     0000020A  _SIO_send_byte                     
     0000021D  _SIO_receive                       
     0000022E  _GetWinAddr                        
     00000236  _GetBkgAddr                        
     00000244  _state_init                        
     00000249  _state_update                      
     0000026B  _ui_time_masks                     
     00000273  _ui_print_shift_char               
     000002F6  _ui_draw_frame_row                 
     000002FF  .ui_draw_frame_row                 
     00000328  _script_cmds                       vm_instructions
     00000560  _save_signature                    game_signature
     00000564  _start_scene_x                     
     00000566  _start_scene_y                     
     00000568  _start_scene_dir                   
     00000569  _start_scene                       
     0000056C  _start_player_move_speed           
     0000056D  _start_player_anim_tick            
     0000056E  _ui_fonts                          
     00000574  _core_reset_hook                   main
     0000057C  _main                              main
     00000584  _state_start_fns                   
     00000593  _state_update_fns                  
     000005A2  _hUGE_init                         hUGEDriver_obj
     000005A4  hUGE_init                          hUGEDriver_obj
     000005FA  _hUGE_mute_channel                 hUGEDriver_obj
     000005FC  hUGE_mute_channel                  hUGEDriver_obj
     0000084A  _hUGE_set_position                 hUGEDriver_obj
     0000084C  hUGE_set_position                  hUGEDriver_obj
     00000A11  _hUGE_dosound                      hUGEDriver_obj
     00000A11  hUGE_dosound                       hUGEDriver_obj
     00000D3D  _get_vram_byte                     
     00000D45  _get_win_tile_xy                   
     00000D4D  _get_bkg_tile_xy                   
     00000D74  _set_sprite_palette                CGB
     00000D79  _set_bkg_palette                   CGB
     00000D7C  .set_palette                       CGB
     00000D9B  _set_sprite_palette_entry          CGB
     00000DA0  _set_bkg_palette_entry             CGB
     00000DA3  .set_palette_entry                 CGB
     00000DBF  _hide_sprites_range                Metasprites
     00000DEE  __mulsuchar                        mul
     00000DF1  __muluschar                        mul
     00000DFA  __mulschar                         mul
     00000E02  __mulint                           mul
     00000E21  __muluchar                         mul
     00000E33  _set_vram_byte                     
     00000E3C  _set_win_tile_xy                   
     00000E45  _set_bkg_tile_xy                   
ASxxxx Linker V03.00/V05.40 + sdld,  page 19.
Hexadecimal  [32-Bits]

Area                                    Addr        Size        Decimal Bytes (Attributes)
--------------------------------        ----        ----        ------- ----- ------------
_CODE                               00000200    00000ECE =        3790. bytes (REL,CON)

      Value  Global                              Global Defined In Module
      -----  --------------------------------   ------------------------
     00000E74  .sgb_check                         
     00000E74  _sgb_check                         
     00000EBC  _sgb_transfer                      
     00000EC1  .sgb_transfer                      
     00000F02  .copy_vram                         
     00000F08  _get_data                          
     00000F08  _set_data                          
     00000F08  _vmemcpy                           
     00000F56  ___move_metasprite                 Metasprites
     00000F93  ___memcpy                          
     00000F93  _memcpy                            
     00000FC5  _cpu_slow                          CGB
     00000FE0  _cpu_fast                          CGB
     00000FE7  __divsuchar                        divmod
     00000FED  __modsuchar                        divmod
     00000FF6  __divuschar                        divmod
     00000FFF  __moduschar                        divmod
     0000100B  __divschar                         divmod
     00001010  __modschar                         divmod
     00001017  __divsint                          divmod
     00001020  __modsint                          divmod
     0000102C  __divuchar                         divmod
     00001031  __moduchar                         divmod
     00001038  __divuint                          divmod
     00001041  __moduint                          divmod
     0000104D  .div8                              divmod
     0000104D  .mod8                              divmod
     00001055  .div16                             divmod
     00001055  .mod16                             divmod
     0000108B  .divu8                             divmod
     0000108B  .modu8                             divmod
     0000108E  .divu16                            divmod
     0000108E  .modu16                            divmod

ASxxxx Linker V03.00/V05.40 + sdld,  page 20.
Hexadecimal  [32-Bits]

Area                                    Addr        Size        Decimal Bytes (Attributes)
--------------------------------        ----        ----        ------- ----- ------------
_HEADER0                            00000000    00000001 =           1. bytes (ABS,CON)

      Value  Global                              Global Defined In Module
      -----  --------------------------------   ------------------------
     00000020  .call_hl                           Runtime

ASxxxx Linker V03.00/V05.40 + sdld,  page 21.
Hexadecimal  [32-Bits]

Area                                    Addr        Size        Decimal Bytes (Attributes)
--------------------------------        ----        ----        ------- ----- ------------
_HEADER1                            00000000    00000005 =           5. bytes (ABS,CON)

      Value  Global                              Global Defined In Module
      -----  --------------------------------   ------------------------
     00000028  .MemsetSmall                       Runtime

ASxxxx Linker V03.00/V05.40 + sdld,  page 22.
Hexadecimal  [32-Bits]

Area                                    Addr        Size        Decimal Bytes (Attributes)
--------------------------------        ----        ----        ------- ----- ------------
_HEADER2                            00000000    00000007 =           7. bytes (ABS,CON)

      Value  Global                              Global Defined In Module
      -----  --------------------------------   ------------------------
     00000030  .MemcpySmall                       Runtime

ASxxxx Linker V03.00/V05.40 + sdld,  page 23.
Hexadecimal  [32-Bits]

Area                                    Addr        Size        Decimal Bytes (Attributes)
--------------------------------        ----        ----        ------- ----- ------------
_HEADER3                            00000000    00000008 =           8. bytes (ABS,CON)

      Value  Global                              Global Defined In Module
      -----  --------------------------------   ------------------------
ASxxxx Linker V03.00/V05.40 + sdld,  page 24.
Hexadecimal  [32-Bits]

Area                                    Addr        Size        Decimal Bytes (Attributes)
--------------------------------        ----        ----        ------- ----- ------------
_HEADER4                            00000000    00000060 =          96. bytes (ABS,CON)

      Value  Global                              Global Defined In Module
      -----  --------------------------------   ------------------------
     00000080  .int                               Runtime
     0000008F  _wait_int_handler                  Runtime
     0000009C  __standard_VBL_handler             Runtime
     000000AB  _refresh_OAM                       Runtime
     000000CC  _set_interrupts                    Runtime

ASxxxx Linker V03.00/V05.40 + sdld,  page 25.
Hexadecimal  [32-Bits]

Area                                    Addr        Size        Decimal Bytes (Attributes)
--------------------------------        ----        ----        ------- ----- ------------
_HEADER5                            00000000    00000001 =           1. bytes (ABS,CON)

      Value  Global                              Global Defined In Module
      -----  --------------------------------   ------------------------
ASxxxx Linker V03.00/V05.40 + sdld,  page 26.
Hexadecimal  [32-Bits]

Area                                    Addr        Size        Decimal Bytes (Attributes)
--------------------------------        ----        ----        ------- ----- ------------
_HEADER6                            00000000    00000002 =           2. bytes (ABS,CON)

      Value  Global                              Global Defined In Module
      -----  --------------------------------   ------------------------
ASxxxx Linker V03.00/V05.40 + sdld,  page 27.
Hexadecimal  [32-Bits]

Area                                    Addr        Size        Decimal Bytes (Attributes)
--------------------------------        ----        ----        ------- ----- ------------
_HEADER7                            00000000    00000030 =          48. bytes (ABS,CON)

      Value  Global                              Global Defined In Module
      -----  --------------------------------   ------------------------
ASxxxx Linker V03.00/V05.40 + sdld,  page 28.
Hexadecimal  [32-Bits]

Area                                    Addr        Size        Decimal Bytes (Attributes)
--------------------------------        ----        ----        ------- ----- ------------
_HEADER8                            00000000    00000006 =           6. bytes (ABS,CON)

      Value  Global                              Global Defined In Module
      -----  --------------------------------   ------------------------
ASxxxx Linker V03.00/V05.40 + sdld,  page 29.
Hexadecimal  [32-Bits]

Area                                    Addr        Size        Decimal Bytes (Attributes)
--------------------------------        ----        ----        ------- ----- ------------
_HEADER9                            00000000    00000003 =           3. bytes (ABS,CON)

      Value  Global                              Global Defined In Module
      -----  --------------------------------   ------------------------
ASxxxx Linker V03.00/V05.40 + sdld,  page 30.
Hexadecimal  [32-Bits]

Area                                    Addr        Size        Decimal Bytes (Attributes)
--------------------------------        ----        ----        ------- ----- ------------
_HEADERa                            00000000    00000001 =           1. bytes (ABS,CON)

      Value  Global                              Global Defined In Module
      -----  --------------------------------   ------------------------
ASxxxx Linker V03.00/V05.40 + sdld,  page 31.
Hexadecimal  [32-Bits]

Area                                    Addr        Size        Decimal Bytes (Attributes)
--------------------------------        ----        ----        ------- ----- ------------
_HEADERb                            00000000    00000001 =           1. bytes (ABS,CON)

      Value  Global                              Global Defined In Module
      -----  --------------------------------   ------------------------
ASxxxx Linker V03.00/V05.40 + sdld,  page 32.
Hexadecimal  [32-Bits]

Area                                    Addr        Size        Decimal Bytes (Attributes)
--------------------------------        ----        ----        ------- ----- ------------
_HEADERc                            00000000    00000001 =           1. bytes (ABS,CON)

      Value  Global                              Global Defined In Module
      -----  --------------------------------   ------------------------
ASxxxx Linker V03.00/V05.40 + sdld,  page 33.
Hexadecimal  [32-Bits]

Area                                    Addr        Size        Decimal Bytes (Attributes)
--------------------------------        ----        ----        ------- ----- ------------
_HEADERd                            00000000    00000002 =           2. bytes (ABS,CON)

      Value  Global                              Global Defined In Module
      -----  --------------------------------   ------------------------
ASxxxx Linker V03.00/V05.40 + sdld,  page 34.
Hexadecimal  [32-Bits]

Area                                    Addr        Size        Decimal Bytes (Attributes)
--------------------------------        ----        ----        ------- ----- ------------
_HEADERe                            00000000    00000001 =           1. bytes (ABS,CON)

      Value  Global                              Global Defined In Module
      -----  --------------------------------   ------------------------
ASxxxx Linker V03.00/V05.40 + sdld,  page 35.
Hexadecimal  [32-Bits]

Area                                    Addr        Size        Decimal Bytes (Attributes)
--------------------------------        ----        ----        ------- ----- ------------
_HEADERf                            00000000    00000001 =           1. bytes (ABS,CON)

      Value  Global                              Global Defined In Module
      -----  --------------------------------   ------------------------
ASxxxx Linker V03.00/V05.40 + sdld,  page 36.
Hexadecimal  [32-Bits]

Area                                    Addr        Size        Decimal Bytes (Attributes)
--------------------------------        ----        ----        ------- ----- ------------
_HEADER10                           00000000    00000002 =           2. bytes (ABS,CON)

      Value  Global                              Global Defined In Module
      -----  --------------------------------   ------------------------
ASxxxx Linker V03.00/V05.40 + sdld,  page 37.
Hexadecimal  [32-Bits]

Area                                    Addr        Size        Decimal Bytes (Attributes)
--------------------------------        ----        ----        ------- ----- ------------
_HEADER11                           00000000    000000AB =         171. bytes (ABS,CON)

      Value  Global                              Global Defined In Module
      -----  --------------------------------   ------------------------
     00000150  .reset                             Runtime
     00000150  _reset                             Runtime
     00000157  .code_start                        Runtime
     000001B9  _exit                              Runtime
     000001BD  .wait_vbl_done                     Runtime
     000001BD  _vsync                             Runtime
     000001BD  _wait_vbl_done                     Runtime
     000001CD  .remove_VBL                        Runtime
     000001CD  _remove_VBL                        Runtime
     000001D0  .remove_int                        Runtime
     000001ED  .add_VBL                           Runtime
     000001ED  _add_VBL                           Runtime
     000001F0  .add_int                           Runtime

ASxxxx Linker V03.00/V05.40 + sdld,  page 38.
Hexadecimal  [32-Bits]

Area                                    Addr        Size        Decimal Bytes (Attributes)
--------------------------------        ----        ----        ------- ----- ------------
_HOME                               000010CE    00002D53 =       11603. bytes (REL,CON)

      Value  Global                              Global Defined In Module
      -----  --------------------------------   ------------------------
     000010CE  .memset_simple                     Runtime
     000010D7  .memcpy_simple                     Runtime
     000010F4  .display_off                       Runtime
     000010F4  _display_off                       Runtime
     0000110C  _actors_update                     actor
     00001572  _SetBankedBkgData                  bankdata
     0000158E  _SetBankedSpriteData               bankdata
     000015AA  _SetBankedBkgTiles                 bankdata
     000015C6  _SetBankedWinTiles                 bankdata
     000015E2  _ReadBankedFarPtr                  bankdata
     00001604  _ReadBankedUWORD                   bankdata
     0000161E  _MemcpyBanked                      bankdata
     00001640  _MemcpyVRAMBanked                  bankdata
     0000166F  _IndexOfFarPtr                     bankdata
     000016F4  _camera_update                     camera
     00001827  _load_animations                   data_manager
     00001880  _events_update                     events
     00001953  _timers_update                     events
     000019DC  _input_update                      input
     000019FF  .sio_ISR                           
     00001A59  .timer_ISR                         
     00001A6E  _simple_LCD_isr                    interrupts
     00001AED  _fullscreen_LCD_isr                interrupts
     00001B19  _VBL_isr                           interrupts
     00001B63  _isqrt                             math
     00001BC0  _sine_wave                         math
     00001CC0  _dir_lookup                        math
     00001CC8  _dir_angle_lookup                  math
     00001CCC  _hUGETrackerRoutine                music_manager
     00001CF3  _music_events_update               music_manager
     00001D75  _music_play_isr                    music_manager
     00001E16  _parallax_LCD_isr                  parallax
     00001E53  _projectiles_update                projectiles
     000022D4  _projectiles_render                projectiles
     00002429  _scroll_load_pending_row           scroll
     000024AF  _scroll_load_row                   scroll
     00002524  _scroll_load_col                   scroll
     0000258D  _scroll_load_pending_col           scroll
     00002615  _set_bkg_submap                    
[...]
                                          [ scene_player_s_house_collisions ]
C:/tmp/_gbsbuild/obj/scene_player_s_house_init.rel
                                          [ scene_player_s_house_init ]
C:/tmp/_gbsbuild/obj/scene_player_s_house_triggers.rel
                                          [ scene_player_s_house_triggers ]
C:/tmp/_gbsbuild/obj/scene_player_s_house.rel
                                          [ scene_player_s_house ]
C:/tmp/_gbsbuild/obj/scene_sample_town_actors.rel
                                          [ scene_sample_town_actors ]
C:/tmp/_gbsbuild/obj/scene_sample_town_collisions.rel
                                          [ scene_sample_town_collisions ]
C:/tmp/_gbsbuild/obj/scene_sample_town_init.rel
                                          [ scene_sample_town_init ]
C:/tmp/_gbsbuild/obj/scene_sample_town_sprites.rel
                                          [ scene_sample_town_sprites ]
C:/tmp/_gbsbuild/obj/scene_sample_town_triggers.rel
                                          [ scene_sample_town_triggers ]
C:/tmp/_gbsbuild/obj/scene_sample_town.rel
                                          [ scene_sample_town ]
C:/tmp/_gbsbuild/obj/scene_space_battle_actors.rel
                                          [ scene_space_battle_actors ]
C:/tmp/_gbsbuild/obj/scene_space_battle_collisions.rel
                                          [ scene_space_battle_collisions ]
C:/tmp/_gbsbuild/obj/scene_space_battle_init.rel
                                          [ scene_space_battle_init ]
C:/tmp/_gbsbuild/obj/scene_space_battle_p_hit1.rel
                                          [ scene_space_battle_p_hit1 ]
C:/tmp/_gbsbuild/obj/scene_space_battle_projectiles.rel
                                          [ scene_space_battle_projectiles ]
C:/tmp/_gbsbuild/obj/scene_space_battle_sprites.rel
                                          [ scene_space_battle_sprites ]
C:/tmp/_gbsbuild/obj/scene_space_battle_triggers.rel
                                          [ scene_space_battle_triggers ]
C:/tmp/_gbsbuild/obj/scene_space_battle.rel
                                          [ scene_space_battle ]
C:/tmp/_gbsbuild/obj/scene_title_screen_collisions.rel
                                          [ scene_title_screen_collisions ]
C:/tmp/_gbsbuild/obj/scene_title_screen_init.rel
                                          [ scene_title_screen_init ]
C:/tmp/_gbsbuild/obj/scene_title_screen.rel
                                          [ scene_title_screen ]
C:/tmp/_gbsbuild/obj/scene_top_house_actors.rel
                                          [ scene_top_house_actors ]
C:/tmp/_gbsbuild/obj/scene_top_house_collisions.rel
                                          [ scene_top_house_collisions ]
C:/tmp/_gbsbuild/obj/scene_top_house_init.rel
                                          [ scene_top_house_init ]
C:/tmp/_gbsbuild/obj/scene_top_house_sprites.rel
                                          [ scene_top_house_sprites ]
C:/tmp/_gbsbuild/obj/scene_top_house_triggers.rel
                                          [ scene_top_house_triggers ]
C:/tmp/_gbsbuild/obj/scene_top_house.rel  [ scene_top_house ]
C:/tmp/_gbsbuild/obj/scene_underground_actors.rel
                                          [ scene_underground_actors ]
C:/tmp/_gbsbuild/obj/scene_underground_collisions.rel
                                          [ scene_underground_collisions ]
C:/tmp/_gbsbuild/obj/scene_underground_init.rel
                                          [ scene_underground_init ]
C:/tmp/_gbsbuild/obj/scene_underground_sprites.rel
                                          [ scene_underground_sprites ]
C:/tmp/_gbsbuild/obj/scene_underground_triggers.rel
                                          [ scene_underground_triggers ]
C:/tmp/_gbsbuild/obj/scene_underground.rel
                                          [ scene_underground ]
C:/tmp/_gbsbuild/obj/script_enemy_ship_destroy.rel
                                          [ script_enemy_ship_destroy ]
C:/tmp/_gbsbuild/obj/script_enemy_ship_hit_playe.rel
                                          [ script_enemy_ship_hit_playe ]
C:/tmp/_gbsbuild/obj/script_enemy_ship_movement__0.rel
                                          [ script_enemy_ship_movement__0 ]
C:/tmp/_gbsbuild/obj/script_enemy_ship_movement__1.rel
                                          [ script_enemy_ship_movement__1 ]
C:/tmp/_gbsbuild/obj/script_enemy_ship_movement__2.rel
                                          [ script_enemy_ship_movement__2 ]
C:/tmp/_gbsbuild/obj/script_enemy_ship_movement_.rel
                                          [ script_enemy_ship_movement_ ]
C:/tmp/_gbsbuild/obj/script_engine_init.rel
                                          [  ]
C:/tmp/_gbsbuild/obj/script_init_menu.rel
                                          [ script_init_menu ]
C:/tmp/_gbsbuild/obj/script_init_weapons.rel
                                          [ script_init_weapons ]
C:/tmp/_gbsbuild/obj/script_input_5.rel   [ script_input_5 ]
C:/tmp/_gbsbuild/obj/script_input.rel     [ script_input ]
C:/tmp/_gbsbuild/obj/script_timer.rel     [ script_timer ]
C:/tmp/_gbsbuild/obj/sound_gbstudio_sfx_sav.rel
                                          [ sound_gbstudio_sfx_sav ]
C:/tmp/_gbsbuild/obj/sound_legacy_0.rel   [ sound_legacy_0 ]
C:/tmp/_gbsbuild/obj/sprite_bullet_left_tileset.rel
                                          [ sprite_bullet_left_tileset ]
C:/tmp/_gbsbuild/obj/sprite_bullet_left.rel
                                          [ sprite_bullet_left ]
C:/tmp/_gbsbuild/obj/sprite_bullet_right_tileset.rel
                                          [ sprite_bullet_right_tileset ]
C:/tmp/_gbsbuild/obj/sprite_bullet_right.rel
                                          [ sprite_bullet_right ]
C:/tmp/_gbsbuild/obj/sprite_cat_tileset.rel
                                          [ sprite_cat_tileset ]
C:/tmp/_gbsbuild/obj/sprite_cat.rel       [ sprite_cat ]
C:/tmp/_gbsbuild/obj/sprite_checkbox_tileset.rel
                                          [ sprite_checkbox_tileset ]
C:/tmp/_gbsbuild/obj/sprite_checkbox.rel  [ sprite_checkbox ]
C:/tmp/_gbsbuild/obj/sprite_chest_tileset.rel
                                          [ sprite_chest_tileset ]
C:/tmp/_gbsbuild/obj/sprite_chest.rel     [ sprite_chest ]
C:/tmp/_gbsbuild/obj/sprite_cursor_tileset.rel
                                          [ sprite_cursor_tileset ]
C:/tmp/_gbsbuild/obj/sprite_cursor.rel    [ sprite_cursor ]
C:/tmp/_gbsbuild/obj/sprite_dog_tileset.rel
                                          [ sprite_dog_tileset ]
C:/tmp/_gbsbuild/obj/sprite_dog.rel       [ sprite_dog ]
C:/tmp/_gbsbuild/obj/sprite_drumkit_tileset.rel
                                          [ sprite_drumkit_tileset ]
C:/tmp/_gbsbuild/obj/sprite_drumkit.rel   [ sprite_drumkit ]
C:/tmp/_gbsbuild/obj/sprite_duck_tileset.rel
                                          [ sprite_duck_tileset ]
C:/tmp/_gbsbuild/obj/sprite_duck.rel      [ sprite_duck ]
C:/tmp/_gbsbuild/obj/sprite_elephant_tileset.rel
                                          [ sprite_elephant_tileset ]
C:/tmp/_gbsbuild/obj/sprite_elephant.rel  [ sprite_elephant ]
C:/tmp/_gbsbuild/obj/sprite_enemy_ship_tileset.rel
                                          [ sprite_enemy_ship_tileset ]
C:/tmp/_gbsbuild/obj/sprite_enemy_ship.rel
                                          [ sprite_enemy_ship ]
C:/tmp/_gbsbuild/obj/sprite_fire_tileset.rel
                                          [ sprite_fire_tileset ]
C:/tmp/_gbsbuild/obj/sprite_fire.rel      [ sprite_fire ]
C:/tmp/_gbsbuild/obj/sprite_hidden_stairs_tileset.rel
                                          [ sprite_hidden_stairs_tileset ]
C:/tmp/_gbsbuild/obj/sprite_hidden_stairs.rel
                                          [ sprite_hidden_stairs ]
C:/tmp/_gbsbuild/obj/sprite_ice_tileset.rel
                                          [ sprite_ice_tileset ]
C:/tmp/_gbsbuild/obj/sprite_ice.rel       [ sprite_ice ]
C:/tmp/_gbsbuild/obj/sprite_keyboard_tileset.rel
                                          [ sprite_keyboard_tileset ]
C:/tmp/_gbsbuild/obj/sprite_keyboard.rel  [ sprite_keyboard ]
C:/tmp/_gbsbuild/obj/sprite_machine_tileset.rel
                                          [ sprite_machine_tileset ]
C:/tmp/_gbsbuild/obj/sprite_machine.rel   [ sprite_machine ]
C:/tmp/_gbsbuild/obj/sprite_npc_gardener_tileset.rel
                                          [ sprite_npc_gardener_tileset ]
C:/tmp/_gbsbuild/obj/sprite_npc_gardener.rel
                                          [ sprite_npc_gardener ]
C:/tmp/_gbsbuild/obj/sprite_npc001_tileset.rel
                                          [ sprite_npc001_tileset ]
C:/tmp/_gbsbuild/obj/sprite_npc001.rel    [ sprite_npc001 ]
C:/tmp/_gbsbuild/obj/sprite_npc002_tileset.rel
                                          [ sprite_npc002_tileset ]
C:/tmp/_gbsbuild/obj/sprite_npc002.rel    [ sprite_npc002 ]
C:/tmp/_gbsbuild/obj/sprite_npc003_tileset.rel
                                          [ sprite_npc003_tileset ]
C:/tmp/_gbsbuild/obj/sprite_npc003.rel    [ sprite_npc003 ]
C:/tmp/_gbsbuild/obj/sprite_npc004_tileset.rel
                                          [ sprite_npc004_tileset ]
C:/tmp/_gbsbuild/obj/sprite_npc004.rel    [ sprite_npc004 ]
C:/tmp/_gbsbuild/obj/sprite_npc005_tileset.rel
                                          [ sprite_npc005_tileset ]
C:/tmp/_gbsbuild/obj/sprite_npc005.rel    [ sprite_npc005 ]
C:/tmp/_gbsbuild/obj/sprite_npc007_tileset.rel
                                          [ sprite_npc007_tileset ]
C:/tmp/_gbsbuild/obj/sprite_npc007.rel    [ sprite_npc007 ]
C:/tmp/_gbsbuild/obj/sprite_npc008_tileset.rel
                                          [ sprite_npc008_tileset ]
C:/tmp/_gbsbuild/obj/sprite_npc008.rel    [ sprite_npc008 ]
C:/tmp/_gbsbuild/obj/sprite_player_platform_tileset.rel
                                          [ sprite_player_platform_tileset ]
C:/tmp/_gbsbuild/obj/sprite_player_platform.rel
                                          [ sprite_player_platform ]
C:/tmp/_gbsbuild/obj/sprite_player_ship_tileset.rel
                                          [ sprite_player_ship_tileset ]
C:/tmp/_gbsbuild/obj/sprite_player_ship.rel
                                          [ sprite_player_ship ]
C:/tmp/_gbsbuild/obj/sprite_player_tileset.rel
                                          [ sprite_player_tileset ]
C:/tmp/_gbsbuild/obj/sprite_player.rel    [ sprite_player ]
C:/tmp/_gbsbuild/obj/sprite_pod_door_tileset.rel
                                          [ sprite_pod_door_tileset ]
C:/tmp/_gbsbuild/obj/sprite_pod_door.rel  [ sprite_pod_door ]
C:/tmp/_gbsbuild/obj/sprite_portal_tileset.rel
                                          [ sprite_portal_tileset ]
C:/tmp/_gbsbuild/obj/sprite_portal.rel    [ sprite_portal ]
C:/tmp/_gbsbuild/obj/sprite_radio_tileset.rel
                                          [ sprite_radio_tileset ]
C:/tmp/_gbsbuild/obj/sprite_radio.rel     [ sprite_radio ]
C:/tmp/_gbsbuild/obj/sprite_rock_tileset.rel
                                          [ sprite_rock_tileset ]
C:/tmp/_gbsbuild/obj/sprite_rock.rel      [ sprite_rock ]
C:/tmp/_gbsbuild/obj/sprite_sage_tileset.rel
                                          [ sprite_sage_tileset ]
C:/tmp/_gbsbuild/obj/sprite_sage.rel      [ sprite_sage ]
C:/tmp/_gbsbuild/obj/sprite_savepoint_tileset.rel
                                          [ sprite_savepoint_tileset ]
C:/tmp/_gbsbuild/obj/sprite_savepoint.rel
                                          [ sprite_savepoint ]
C:/tmp/_gbsbuild/obj/sprite_signpost_tileset.rel
                                          [ sprite_signpost_tileset ]
C:/tmp/_gbsbuild/obj/sprite_signpost.rel  [ sprite_signpost ]
C:/tmp/_gbsbuild/obj/sprite_space_mine_tileset.rel
                                          [ sprite_space_mine_tileset ]
C:/tmp/_gbsbuild/obj/sprite_space_mine.rel
                                          [ sprite_space_mine ]
C:/tmp/_gbsbuild/obj/sprite_torch_tileset.rel
                                          [ sprite_torch_tileset ]
C:/tmp/_gbsbuild/obj/sprite_torch.rel     [ sprite_torch ]
C:/tmp/_gbsbuild/obj/sprite_turnip_tileset.rel
                                          [ sprite_turnip_tileset ]
C:/tmp/_gbsbuild/obj/sprite_turnip.rel    [ sprite_turnip ]
C:/tmp/_gbsbuild/obj/sprite_ui_weapon_tileset.rel
                                          [ sprite_ui_weapon_tileset ]
C:/tmp/_gbsbuild/obj/sprite_ui_weapon.rel
                                          [ sprite_ui_weapon ]
C:/tmp/_gbsbuild/obj/spritesheet_none.rel
                                          [ spritesheet_none ]
C:/tmp/_gbsbuild/obj/tileset_default_frame.rel
                                          [ tileset_default_frame ]
C:/tmp/_gbsbuild/obj/tileset_flowers.rel  [ tileset_flowers ]
C:/tmp/_gbsbuild/obj/tileset_waterfall.rel
                                          [ tileset_waterfall ]
C:/tmp/_gbsbuild/obj/trigger_0_interact.rel
                                          [ trigger_0_interact ]
C:/tmp/_gbsbuild/obj/trigger_1_interact.rel
                                          [ trigger_1_interact ]
C:/tmp/_gbsbuild/obj/trigger_10_interact.rel
                                          [ trigger_10_interact ]
C:/tmp/_gbsbuild/obj/trigger_11_interact.rel
                                          [ trigger_11_interact ]
C:/tmp/_gbsbuild/obj/trigger_12_interact.rel
                                          [ trigger_12_interact ]
C:/tmp/_gbsbuild/obj/trigger_13_interact.rel
                                          [ trigger_13_interact ]
C:/tmp/_gbsbuild/obj/trigger_14_interact.rel
                                          [ trigger_14_interact ]
C:/tmp/_gbsbuild/obj/trigger_15_interact.rel
                                          [ trigger_15_interact ]
C:/tmp/_gbsbuild/obj/trigger_16_interact.rel
                                          [ trigger_16_interact ]
C:/tmp/_gbsbuild/obj/trigger_17_interact.rel
                                          [ trigger_17_interact ]
C:/tmp/_gbsbuild/obj/trigger_18_interact.rel
                                          [ trigger_18_interact ]
C:/tmp/_gbsbuild/obj/trigger_19_interact.rel
                                          [ trigger_19_interact ]
C:/tmp/_gbsbuild/obj/trigger_2_interact.rel
                                          [ trigger_2_interact ]
C:/tmp/_gbsbuild/obj/trigger_20_interact.rel
                                          [ trigger_20_interact ]
C:/tmp/_gbsbuild/obj/trigger_21_interact.rel
                                          [ trigger_21_interact ]
C:/tmp/_gbsbuild/obj/trigger_22_interact.rel
                                          [ trigger_22_interact ]
C:/tmp/_gbsbuild/obj/trigger_23_interact.rel
                                          [ trigger_23_interact ]
C:/tmp/_gbsbuild/obj/trigger_24_interact.rel
                                          [ trigger_24_interact ]
C:/tmp/_gbsbuild/obj/trigger_25_interact.rel
                                          [ trigger_25_interact ]
C:/tmp/_gbsbuild/obj/trigger_26_interact.rel
                                          [ trigger_26_interact ]
C:/tmp/_gbsbuild/obj/trigger_27_interact.rel
                                          [ trigger_27_interact ]
C:/tmp/_gbsbuild/obj/trigger_28_interact.rel
                                          [ trigger_28_interact ]
C:/tmp/_gbsbuild/obj/trigger_29_interact.rel
                                          [ trigger_29_interact ]
C:/tmp/_gbsbuild/obj/trigger_3_interact.rel
                                          [ trigger_3_interact ]
C:/tmp/_gbsbuild/obj/trigger_30_interact.rel
                                          [ trigger_30_interact ]
C:/tmp/_gbsbuild/obj/trigger_31_interact.rel
                                          [ trigger_31_interact ]
C:/tmp/_gbsbuild/obj/trigger_32_interact.rel
                                          [ trigger_32_interact ]
C:/tmp/_gbsbuild/obj/trigger_33_interact.rel
                                          [ trigger_33_interact ]
C:/tmp/_gbsbuild/obj/trigger_34_interact.rel
                                          [ trigger_34_interact ]
C:/tmp/_gbsbuild/obj/trigger_35_interact.rel
                                          [ trigger_35_interact ]
C:/tmp/_gbsbuild/obj/trigger_36_interact.rel
                                          [ trigger_36_interact ]
C:/tmp/_gbsbuild/obj/trigger_37_interact.rel
                                          [ trigger_37_interact ]
C:/tmp/_gbsbuild/obj/trigger_38_interact.rel
                                          [ trigger_38_interact ]
C:/tmp/_gbsbuild/obj/trigger_39_interact.rel
                                          [ trigger_39_interact ]
C:/tmp/_gbsbuild/obj/trigger_4_interact.rel
                                          [ trigger_4_interact ]
C:/tmp/_gbsbuild/obj/trigger_40_interact.rel
                                          [ trigger_40_interact ]
C:/tmp/_gbsbuild/obj/trigger_41_interact.rel
                                          [ trigger_41_interact ]
C:/tmp/_gbsbuild/obj/trigger_5_interact.rel
                                          [ trigger_5_interact ]
C:/tmp/_gbsbuild/obj/trigger_6_interact.rel
                                          [ trigger_6_interact ]
C:/tmp/_gbsbuild/obj/trigger_7_interact.rel
                                          [ trigger_7_interact ]
C:/tmp/_gbsbuild/obj/trigger_8_interact.rel
                                          [ trigger_8_interact ]
C:/tmp/_gbsbuild/obj/trigger_9_interact.rel
                                          [ trigger_9_interact ]
C:/tmp/_gbsbuild/obj/main.rel             [ main ]
C:/tmp/_gbsbuild/obj/logo.rel             [ logo ]
C:/tmp/_gbsbuild/obj/platform.rel         [ platform ]
C:/tmp/_gbsbuild/obj/pointnclick.rel      [ pointnclick ]
C:/tmp/_gbsbuild/obj/shmup.rel            [ shmup ]
C:/tmp/_gbsbuild/obj/states_ptrs.rel      [  ]
C:/tmp/_gbsbuild/obj/topdown.rel          [ topdown ]


Libraries Linked                          [ object file ]

C:\tmp/_gbstools/gbdk/lib/gb/gb.lib       [ fill_rect_wi.o ]
C:\tmp/_gbstools/gbdk/lib/sm83/sm83.lib   [ rand.o ]
lib/hUGEDriver.lib                        [ hUGEDriver.o ]
C:\tmp/_gbstools/gbdk/lib/gb/gb.lib       [ sfr.o ]
C:\tmp/_gbstools/gbdk/lib/gb/gb.lib       [ get_data.o ]
C:\tmp/_gbstools/gbdk/lib/gb/gb.lib       [ get_tile.o ]
C:\tmp/_gbstools/gbdk/lib/gb/gb.lib       [ cgb_palettes.o ]
C:\tmp/_gbstools/gbdk/lib/gb/gb.lib       [ metasprites_hide_spr.o ]
C:\tmp/_gbstools/gbdk/lib/sm83/sm83.lib   [ mul.o ]
C:\tmp/_gbstools/gbdk/lib/gb/gb.lib       [ set_tile.o ]
C:\tmp/_gbstools/gbdk/lib/sm83/sm83.lib   [ abs.o ]
C:\tmp/_gbstools/gbdk/lib/gb/gb.lib       [ set_wi_t.o ]
C:\tmp/_gbstools/gbdk/lib/gb/gb.lib       [ set_data.o ]
C:\tmp/_gbstools/gbdk/lib/sm83/sm83.lib   [ reverse.o ]
C:\tmp/_gbstools/gbdk/lib/gb/gb.lib       [ far_ptr.o ]
C:\tmp/_gbstools/gbdk/lib/gb/gb.lib       [ sgb.o ]
C:\tmp/_gbstools/gbdk/lib/gb/gb.lib       [ lcd.o ]
C:\tmp/_gbstools/gbdk/lib/gb/gb.lib       [ fill_rect.o ]
C:\tmp/_gbstools/gbdk/lib/gb/gb.lib       [ cpy_data.o ]
C:\tmp/_gbstools/gbdk/lib/gb/gb.lib       [ fill_rect_bk.o ]
C:\tmp/_gbstools/gbdk/lib/gb/gb.lib       [ pad.o ]
C:\tmp/_gbstools/gbdk/lib/gb/gb.lib       [ metasprites.o ]
C:\tmp/_gbstools/gbdk/lib/sm83/sm83.lib   [ __sdcc_call_hl.o ]
C:\tmp/_gbstools/gbdk/lib/sm83/sm83.lib   [ memcpy.o ]
C:\tmp/_gbstools/gbdk/lib/sm83/sm83.lib   [ _memset.o ]
C:\tmp/_gbstools/gbdk/lib/gb/gb.lib       [ set_xy_t.o ]
C:\tmp/_gbstools/gbdk/lib/gb/gb.lib       [ ___sdcc_bcall_ehl.o ]
C:\tmp/_gbstools/gbdk/lib/gb/gb.lib       [ cgb.o ]
C:\tmp/_gbstools/gbdk/lib/sm83/sm83.lib   [ div.o ]
C:\tmp/_gbstools/gbdk/lib/gb/gb.lib       [ set_bk_t.o ]

ASxxxx Linker V03.00/V05.40 + sdld,  page 96.

User Base Address Definitions

_DATA=0xC0A0
_CODE=0x0200
ASxxxx Linker V03.00/V05.40 + sdld,  page 97.

User Global Definitions

.STACK=0xDF00
_shadow_OAM=0xC000
.refresh_OAM=0xFF80
__start_save=12

