ASxxxx Linker V03.00/V05.40 + sdld,  page 1.
Hexadecimal  [32-Bits]

Area                                    Addr        Size        Decimal Bytes (Attributes)
--------------------------------        ----        ----        ------- ----- ------------
.  .ABS.                            00000000    00000000 =           0. bytes (ABS,CON)

      Value  Global                              Global Defined In Module
      -----  --------------------------------   ------------------------
     00000000  .__.ABS.                           
     00000000  _rRAMG                             
     00000000  l__BASE                         
     00000000  l__BSS                          
     00000000  l__CABS                         
     00000000  l__CODE_0                       
     00000000  l__CRASH_HEADER                 
     00000000  l__CRASH_SCRATCH                
     00000000  l__DABS                         
     00000000  l__HEADER                       
     00000000  l__HEADER_LCD                   
     00000000  l__HEADER_SIO                   
     00000000  l__HEADER_TIMER                 
     00000000  l__HEAP                         
     00000000  l__HEAP_END                     
     00000000  l__HRAM                         
     00000000  l__LIT                          
     00000000  s__CABS                         
     00000000  s__CRASH_HEADER                 
     00000000  s__CRASH_HEADER0                
     00000000  s__CRASH_HEADER1                
     00000000  s__CRASH_SCRATCH                
     00000000  s__CRASH_SCRATCH2               
     00000000  s__DABS                         
     00000000  s__HEADER                       
     00000000  s__HEADER0                      
     00000000  s__HEADER1                      
     00000000  s__HEADER10                     
     00000000  s__HEADER11                     
     00000000  s__HEADER2                      
     00000000  s__HEADER3                      
     00000000  s__HEADER4                      
     00000000  s__HEADER5                      
     00000000  s__HEADER6                      
     00000000  s__HEADER7                      
     00000000  s__HEADER8                      
     00000000  s__HEADER9                      
     00000000  s__HEADER_LCD                   
     00000000  s__HEADER_LCD0                  
     00000000  s__HEADER_SIO                   
     00000000  s__HEADER_SIO0                  
     00000000  s__HEADER_TIMER                 
     00000000  s__HEADER_TIMER0                
     00000000  s__HEADERa                      
     00000000  s__HEADERb                      
     00000000  s__HEADERc                      
     00000000  s__HEADERd                      
     00000000  s__HEADERe                      
     00000000  s__HEADERf                      
     00000000  s__HRAM                         
ASxxxx Linker V03.00/V05.40 + sdld,  page 2.
Hexadecimal  [32-Bits]

Area                                    Addr        Size        Decimal Bytes (Attributes)
--------------------------------        ----        ----        ------- ----- ------------
.  .ABS.                            00000000    00000000 =           0. bytes (ABS,CON)

      Value  Global                              Global Defined In Module
      -----  --------------------------------   ------------------------
     00000000  s__HRAM12                       
     00000001  ___bank_ACTOR                      actor
     00000001  ___bank_VM_SGB                     vm_sgb
     00000001  b_SIO_init                         sio
     00000001  b_activate_actor                   actor
     00000001  b_activate_actors_in_col           actor
     00000001  b_activate_actors_in_row           actor
     00000001  b_actor_at_tile                    actor
     00000001  b_actor_get_frame_offset           actor
     00000001  b_actor_in_front_of_player         actor
     00000001  b_actor_overlapping_bb             actor
     00000001  b_actor_overlapping_player         actor
     00000001  b_actor_set_anim_idle              actor
     00000001  b_actor_set_anim_moving            actor
     00000001  b_actor_set_dir                    actor
     00000001  b_actor_set_frame_offset           actor
     00000001  b_actor_set_frames                 actor
     00000001  b_actors_handle_player_collision   actor
     00000001  b_actors_init                      actor
     00000001  b_check_collision_in_direction     actor
     00000001  b_deactivate_actor                 actor
     00000001  b_platform_init                    platform
     00000001  b_platform_update                  platform
     00000001  b_player_init                      actor
     00000001  b_scroll_init                      scroll
     00000001  b_scroll_repaint                   scroll
     00000001  b_scroll_reset                     scroll
     00000001  b_scroll_update                    scroll
     00000001  b_ui_draw_frame                    ui
     00000001  b_ui_draw_text_buffer_char         ui
     00000001  b_ui_init                          ui
     00000001  b_ui_load_tiles                    ui
     00000001  b_ui_run_menu                      ui
     00000001  b_ui_run_modal                     ui
     00000001  b_ui_set_start_tile                ui
     00000001  l__GSFINAL                      
     00000001  l__HEADER0                      
     00000001  l__HEADER5                      
     00000001  l__HEADERa                      
     00000001  l__HEADERb                      
     00000001  l__HEADERc                      
     00000001  l__HEADERe                      
     00000001  l__HEADERf                      
     00000002  ___bank_VM_ACTOR                   vm_actor
     00000002  ___bank_bg_leaving_earth_tilemap   bg_leaving_earth_tilemap_att
     00000002  ___bank_bg_stars_tileset           bg_stars_tileset
     00000002  ___bank_bootstrap_script           
     00000002  ___bank_song_rulz_lightmood_0_Da   song_rulz_lightmood_0_Data
     00000002  ___mute_mask_sound_gbstudio_sfx_   sound_gbstudio_sfx_sav
     00000002  ___mute_mask_sound_gbstudio_sfx_   sound_gbstudio_sfx_sav
     00000002  ___mute_mask_sound_gbstudio_sfx_   sound_gbstudio_sfx_sav
ASxxxx Linker V03.00/V05.40 + sdld,  page 3.
Hexadecimal  [32-Bits]

Area                                    Addr        Size        Decimal Bytes (Attributes)
--------------------------------        ----        ----        ------- ----- ------------
.  .ABS.                            00000000    00000000 =           0. bytes (ABS,CON)

      Value  Global                              Global Defined In Module
      -----  --------------------------------   ------------------------
     00000002  ___mute_mask_sound_gbstudio_sfx_   sound_gbstudio_sfx_sav
     00000002  ___mute_mask_sound_gbstudio_sfx_   sound_gbstudio_sfx_sav
     00000002  ___mute_mask_sound_gbstudio_sfx_   sound_gbstudio_sfx_sav
     00000002  ___mute_mask_sound_gbstudio_sfx_   sound_gbstudio_sfx_sav
     00000002  b_topdown_init                     topdown
     00000002  b_topdown_update                   topdown
     00000002  b_vm_actor_activate                vm_actor
     00000002  b_vm_actor_begin_update            vm_actor
     00000002  b_vm_actor_deactivate              vm_actor
     00000002  b_vm_actor_emote                   vm_actor
     00000002  b_vm_actor_get_angle               vm_actor
     00000002  b_vm_actor_get_anim_frame          vm_actor
     00000002  b_vm_actor_get_dir                 vm_actor
     00000002  b_vm_actor_get_pos                 vm_actor
     00000002  b_vm_actor_move_cancel             vm_actor
     00000002  b_vm_actor_move_to                 vm_actor
     00000002  b_vm_actor_replace_tile            vm_actor
     00000002  b_vm_actor_set_anim                vm_actor
     00000002  b_vm_actor_set_anim_frame          vm_actor
     00000002  b_vm_actor_set_anim_set            vm_actor
     00000002  b_vm_actor_set_anim_tick           vm_actor
     00000002  b_vm_actor_set_bounds              vm_actor
     00000002  b_vm_actor_set_dir                 vm_actor
     00000002  b_vm_actor_set_flags               vm_actor
     00000002  b_vm_actor_set_move_speed          vm_actor
     00000002  b_vm_actor_set_pos                 vm_actor
     00000002  b_vm_actor_set_spritesheet         vm_actor
     00000002  b_vm_actor_set_spritesheet_by_re   vm_actor
     00000002  b_vm_actor_terminate_update        vm_actor
     00000002  l__HEADER10                     
     00000002  l__HEADER6                      
     00000002  l__HEADERd                      
     00000003  ___bank_bg_house_tileset           bg_house_tileset
     00000003  ___bank_bg_leaving_earth_tilemap   bg_leaving_earth_tilemap
     00000003  ___bank_scene_12_collisions        scene_12_collisions
     00000003  ___bank_song_drum_example_Data     song_drum_example_Data
     00000003  ___bank_song_rulz_battletheme_0_   song_rulz_battletheme_0_Data
     00000003  l__HEADER9                      
     00000003  l__HEADER_LCD0                  
     00000003  l__HRAM12                       
     00000004  ___bank_VM_MAIN                    vm
     00000004  ___bank_actor_18_update            actor_18_update
     00000004  ___bank_bg_parallax_tileset        bg_parallax_tileset
     00000004  ___bank_font_gbs_variable_width    font_gbs_variable_width
     00000004  ___bank_song_rulz_intro_0_Data     song_rulz_intro_0_Data
     00000004  ___bank_sprite_player_platform     sprite_player_platform
     00000004  b_do_load_palette                  data_manager
     00000004  b_load_background                  data_manager
     00000004  b_load_bkg_tileset                 data_manager
     00000004  b_load_bounds                      data_manager
     00000004  b_load_emote                       data_manager
ASxxxx Linker V03.00/V05.40 + sdld,  page 4.
Hexadecimal  [32-Bits]

Area                                    Addr        Size        Decimal Bytes (Attributes)
--------------------------------        ----        ----        ------- ----- ------------
.  .ABS.                            00000000    00000000 =           0. bytes (ABS,CON)

      Value  Global                              Global Defined In Module
      -----  --------------------------------   ------------------------
     00000004  b_load_init                        data_manager
     00000004  b_load_player                      data_manager
     00000004  b_load_scene                       data_manager
     00000004  b_load_sprite                      data_manager
     00000004  b_script_detach_hthread            vm
     00000004  b_script_execute                   vm
     00000004  b_script_runner_init               vm
     00000004  b_script_terminate                 vm
     00000004  b_vm_call                          vm
     00000004  b_vm_call_far                      vm
     00000004  b_vm_get_indirect                  vm
     00000004  b_vm_get_tlocal                    vm
     00000004  b_vm_idle                          vm
     00000004  b_vm_if                            vm
     00000004  b_vm_if_const                      vm
     00000004  b_vm_init_rng                      vm
     00000004  b_vm_invoke                        vm
     00000004  b_vm_join                          vm
     00000004  b_vm_jump                          vm
     00000004  b_vm_lock                          vm
     00000004  b_vm_loop                          vm
     00000004  b_vm_memcpy                        vm
     00000004  b_vm_memset                        vm
     00000004  b_vm_poll_loaded                   vm
     00000004  b_vm_pop                           vm
     00000004  b_vm_push                          vm
     00000004  b_vm_push_reference                vm
     00000004  b_vm_push_value                    vm
     00000004  b_vm_push_value_ind                vm
     00000004  b_vm_raise                         vm
     00000004  b_vm_rand                          vm
     00000004  b_vm_reserve                       vm
     00000004  b_vm_ret                           vm
     00000004  b_vm_ret_far                       vm
     00000004  b_vm_set                           vm
     00000004  b_vm_set_const                     vm
     00000004  b_vm_set_indirect                  vm
     00000004  b_vm_terminate                     vm
     00000004  b_vm_test_terminate                vm
     00000004  b_vm_unlock                        vm
     00000004  b_wait_frames                      vm
     00000004  l__CRASH_HEADER1                
     00000004  l__HEADER_SIO0                  
     00000004  l__HEADER_TIMER0                
     00000005  ___bank_VM_GAMEBOY                 vm_gameboy
     00000005  ___bank_VM_UI                      vm_ui
     00000005  ___bank_bg_launch_site_tileset     bg_launch_site_tileset
     00000005  ___bank_bg_logo_tileset            bg_logo_tileset
     00000005  ___bank_bg_parallax_tilemap        bg_parallax_tilemap
     00000005  ___bank_bg_parallax_tilemap_attr   bg_parallax_tilemap_attr
     00000005  ___bank_bg_titlescreen_tileset     bg_titlescreen_tileset
ASxxxx Linker V03.00/V05.40 + sdld,  page 5.
Hexadecimal  [32-Bits]

Area                                    Addr        Size        Decimal Bytes (Attributes)
--------------------------------        ----        ----        ------- ----- ------------
.  .ABS.                            00000000    00000000 =           0. bytes (ABS,CON)

      Value  Global                              Global Defined In Module
      -----  --------------------------------   ------------------------
     00000005  ___bank_scene_12_actors            scene_12_actors
     00000005  ___bank_scene_19_collisions        scene_19_collisions
     00000005  ___bank_sprite_hidden_stairs_til   sprite_hidden_stairs_tileset
     00000005  b_projectile_launch                projectiles
     00000005  b_projectiles_init                 projectiles
     00000005  b_shmup_init                       shmup
     00000005  b_shmup_update                     shmup
     00000005  b_vm_choice                        vm_ui
     00000005  b_vm_context_prepare               vm_gameboy
     00000005  b_vm_display_text                  vm_ui
     00000005  b_vm_fade                          vm_gameboy
     00000005  b_vm_get_tile_xy                   vm_gameboy
     00000005  b_vm_input_attach                  vm_gameboy
     00000005  b_vm_input_detach                  vm_gameboy
     00000005  b_vm_input_get                     vm_gameboy
     00000005  b_vm_input_wait                    vm_gameboy
     00000005  b_vm_load_tileset                  vm_gameboy
     00000005  b_vm_overlay_clear                 vm_ui
     00000005  b_vm_overlay_move_to               vm_ui
     00000005  b_vm_overlay_scroll                vm_ui
     00000005  b_vm_overlay_set_map               vm_ui
     00000005  b_vm_overlay_set_scroll            vm_ui
     00000005  b_vm_overlay_set_submap            vm_ui
     00000005  b_vm_overlay_set_submap_ex         vm_ui
     00000005  b_vm_overlay_setpos                vm_ui
     00000005  b_vm_overlay_show                  vm_ui
     00000005  b_vm_overlay_wait                  vm_ui
     00000005  b_vm_poll                          vm_gameboy
     00000005  b_vm_replace_tile                  vm_gameboy
     00000005  b_vm_replace_tile_xy               vm_gameboy
     00000005  b_vm_rumble                        vm_gameboy
     00000005  b_vm_set_font                      vm_ui
     00000005  b_vm_set_sprite_mode               vm_gameboy
     00000005  b_vm_set_sprites_visible           vm_gameboy
     00000005  b_vm_set_text_sound                vm_ui
     00000005  b_vm_switch_text_layer             vm_ui
     00000005  b_vm_timer_prepare                 vm_gameboy
     00000005  b_vm_timer_reset                   vm_gameboy
     00000005  b_vm_timer_set                     vm_gameboy
     00000005  b_vm_timer_stop                    vm_gameboy
     00000005  l__CRASH_HEADER0                
     00000005  l__HEADER1                      
     00000006  ___bank_VM_CAMERA                  vm_camera
     00000006  ___bank_VM_PALETTE                 vm_palette
     00000006  ___bank_VM_SIO                     vm_sio
     00000006  ___bank_bg_house_wide_tilemap      bg_house_wide_tilemap
     00000006  ___bank_bg_house_wide_tilemap_at   bg_house_wide_tilemap_attr
     00000006  ___bank_bg_leaving_earth_tileset   bg_leaving_earth_tileset
     00000006  ___bank_bg_stars_tilemap           bg_stars_tilemap
     00000006  ___bank_bg_stars_tilemap_attr      bg_stars_tilemap_attr
     00000006  ___bank_scene_15_sprites           scene_15_sprites
ASxxxx Linker V03.00/V05.40 + sdld,  page 6.
Hexadecimal  [32-Bits]

Area                                    Addr        Size        Decimal Bytes (Attributes)
--------------------------------        ----        ----        ------- ----- ------------
.  .ABS.                            00000000    00000000 =           0. bytes (ABS,CON)

      Value  Global                              Global Defined In Module
      -----  --------------------------------   ------------------------
     00000006  ___bank_scene_20_actors            scene_20_actors
     00000006  ___bank_scene_20_collisions        scene_20_collisions
     00000006  ___bank_scene_9_collisions         scene_9_collisions
     00000006  ___bank_sound_gbstudio_sfx_sav_0   sound_gbstudio_sfx_sav
     00000006  ___bank_sound_gbstudio_sfx_sav_0   sound_gbstudio_sfx_sav
     00000006  ___bank_sound_gbstudio_sfx_sav_0   sound_gbstudio_sfx_sav
     00000006  ___bank_sound_gbstudio_sfx_sav_0   sound_gbstudio_sfx_sav
     00000006  ___bank_sound_gbstudio_sfx_sav_0   sound_gbstudio_sfx_sav
     00000006  ___bank_sound_gbstudio_sfx_sav_0   sound_gbstudio_sfx_sav
     00000006  ___bank_sound_gbstudio_sfx_sav_0   sound_gbstudio_sfx_sav
     00000006  ___bank_sound_gbstudio_sfx_sav_0   sound_gbstudio_sfx_sav
     00000006  ___bank_sound_gbstudio_sfx_sav_0   sound_gbstudio_sfx_sav
     00000006  ___bank_sound_gbstudio_sfx_sav_0   sound_gbstudio_sfx_sav
     00000006  ___bank_sprite_npc004_tileset      sprite_npc004_tileset
     00000006  ___bank_sprite_player_platform_t   sprite_player_platform_tiles
     00000006  b___HandleCrash_banked             
     00000006  b_atan2                            math_atan2
     00000006  b_camera_init                      camera
     00000006  b_camera_shake_frames              vm_camera
     00000006  b_core_reset                       core
     00000006  b_core_run                         core
     00000006  b_data_clear                       load_save
     00000006  b_data_init                        load_save
     00000006  b_data_load                        load_save
     00000006  b_data_peek                        load_save
     00000006  b_data_save                        load_save
     00000006  b_fade_applypalettechange          fade_manager
     00000006  b_fade_in                          fade_manager
     00000006  b_fade_in_modal                    fade_manager
     00000006  b_fade_init                        fade_manager
     00000006  b_fade_out                         fade_manager
     00000006  b_fade_out_modal                   fade_manager
     00000006  b_fade_setspeed                    fade_manager
     00000006  b_fade_update                      fade_manager
     00000006  b_gbprinter_detect                 gbprinter
     00000006  b_gbprinter_print_overlay          gbprinter
     00000006  b_set_sgb_border                   sgb_border
     00000006  b_trigger_activate_at              trigger
     00000006  b_trigger_activate_at_intersecti   trigger
     00000006  b_trigger_at_intersection          trigger
     00000006  b_trigger_at_tile                  trigger
     00000006  b_trigger_interact                 trigger
     00000006  b_trigger_reset                    trigger
     00000006  b_vm_camera_move_to                vm_camera
     00000006  b_vm_camera_set_pos                vm_camera
     00000006  b_vm_load_palette                  vm_palette
     00000006  b_vm_sio_exchange                  vm_sio
     00000006  b_vm_sio_set_mode                  vm_sio
     00000006  l__HEADER8                      
     00000007  ___bank_VM_GBPRINTER               vm_gbprinter
     00000007  ___bank_VM_LOAD_SAVE               vm_load_save
ASxxxx Linker V03.00/V05.40 + sdld,  page 7.
Hexadecimal  [32-Bits]

Area                                    Addr        Size        Decimal Bytes (Attributes)
--------------------------------        ----        ----        ------- ----- ------------
.  .ABS.                            00000000    00000000 =           0. bytes (ABS,CON)

      Value  Global                              Global Defined In Module
      -----  --------------------------------   ------------------------
     00000007  ___bank_VM_MATH                    vm_math
     00000007  ___bank_VM_MUSIC                   vm_music
     00000007  ___bank_VM_PROJECTILE              vm_projectiles
     00000007  ___bank_VM_RTC                     vm_rtc
     00000007  ___bank_VM_SCENE                   vm_scene
     00000007  ___bank_actor_0_interact           actor_0_interact
     00000007  ___bank_actor_28_interact          actor_28_interact
     00000007  ___bank_actor_30_interact          actor_30_interact
     00000007  ___bank_actor_31_interact          actor_31_interact
     00000007  ___bank_actor_31_update            actor_31_update
     00000007  ___bank_actor_32_interact          actor_32_interact
     00000007  ___bank_actor_33_interact          actor_33_interact
     00000007  ___bank_actor_33_update            actor_33_update
     00000007  ___bank_actor_34_interact          actor_34_interact
     00000007  ___bank_actor_34_update            actor_34_update
     00000007  ___bank_actor_42_interact          actor_42_interact
     00000007  ___bank_actor_43_interact          actor_43_interact
     00000007  ___bank_actor_54_interact          actor_54_interact
     00000007  ___bank_bg_house_tilemap           bg_house_tilemap
     00000007  ___bank_bg_house_tilemap_attr      bg_house_tilemap_attr
     00000007  ___bank_bg_house_wide_tileset      bg_house_wide_tileset
     00000007  ___bank_bg_launch_site_tilemap     bg_launch_site_tilemap
     00000007  ___bank_bg_launch_site_tilemap_a   bg_launch_site_tilemap_attr
     00000007  ___bank_bg_logo_tilemap            bg_logo_tilemap
     00000007  ___bank_bg_logo_tilemap_attr       bg_logo_tilemap_attr
     00000007  ___bank_bg_titlescreen_tilemap     bg_titlescreen_tilemap
     00000007  ___bank_bg_titlescreen_tilemap_a   bg_titlescreen_tilemap_attr
     00000007  ___bank_frame_image                frame_image
     00000007  ___bank_palette_0                  palette_0
     00000007  ___bank_palette_1                  palette_1
     00000007  ___bank_palette_2                  palette_2
     00000007  ___bank_scene_12_init              scene_12_init
     00000007  ___bank_scene_15_collisions        scene_15_collisions
     00000007  ___bank_scene_18_actors            scene_18_actors
     00000007  ___bank_scene_18_collisions        scene_18_collisions
     00000007  ___bank_scene_18_init              scene_18_init
     00000007  ___bank_scene_19_actors            scene_19_actors
     00000007  ___bank_scene_19_init              scene_19_init
     00000007  ___bank_scene_logo_collisions      scene_logo_collisions
     00000007  ___bank_scene_logo_init            scene_logo_init
     00000007  ___bank_scene_title_screen_colli   scene_title_screen_collision
     00000007  ___bank_scene_title_screen_init    scene_title_screen_init
     00000007  ___bank_script_enemy_ship_moveme   script_enemy_ship_movement_
     00000007  ___bank_script_enemy_ship_moveme   script_enemy_ship_movement__
     00000007  ___bank_script_enemy_ship_moveme   script_enemy_ship_movement__
     00000007  ___bank_script_enemy_ship_moveme   script_enemy_ship_movement__
     00000007  ___bank_script_engine_init         
     00000007  ___bank_sound_legacy_0             sound_legacy_0
     00000007  ___bank_sprite_bullet_left_tiles   sprite_bullet_left_tileset
     00000007  ___bank_sprite_bullet_right_tile   sprite_bullet_right_tileset
     00000007  ___bank_sprite_cat_tileset         sprite_cat_tileset
ASxxxx Linker V03.00/V05.40 + sdld,  page 8.
Hexadecimal  [32-Bits]

Area                                    Addr        Size        Decimal Bytes (Attributes)
--------------------------------        ----        ----        ------- ----- ------------
.  .ABS.                            00000000    00000000 =           0. bytes (ABS,CON)

      Value  Global                              Global Defined In Module
      -----  --------------------------------   ------------------------
     00000007  ___bank_sprite_enemy_ship          sprite_enemy_ship
     00000007  ___bank_sprite_enemy_ship_tilese   sprite_enemy_ship_tileset
     00000007  ___bank_sprite_keyboard_tileset    sprite_keyboard_tileset
     00000007  ___bank_sprite_machine_tileset     sprite_machine_tileset
     00000007  ___bank_sprite_npc004              sprite_npc004
     00000007  ___bank_sprite_npc008_tileset      sprite_npc008_tileset
     00000007  ___bank_sprite_player              sprite_player
     00000007  ___bank_sprite_player_ship         sprite_player_ship
     00000007  ___bank_sprite_player_ship_tiles   sprite_player_ship_tileset
     00000007  ___bank_sprite_player_tileset      sprite_player_tileset
     00000007  ___bank_sprite_rock_tileset        sprite_rock_tileset
     00000007  ___bank_sprite_savepoint_tileset   sprite_savepoint_tileset
     00000007  ___bank_sprite_space_mine          sprite_space_mine
     00000007  ___bank_sprite_space_mine_tilese   sprite_space_mine_tileset
     00000007  ___bank_sprite_turnip              sprite_turnip
     00000007  ___bank_sprite_turnip_tileset      sprite_turnip_tileset
     00000007  ___bank_tileset_default_frame      tileset_default_frame
     00000007  b_CGBZeroPalette                   palette
     00000007  b_erase_flash                      
     00000007  b_events_init                      events
     00000007  b_itoa_fmt                         vm_ui_a
     00000007  b_music_events_poll                music_manager
     00000007  b_music_init_driver                music_manager
     00000007  b_music_init_events                music_manager
     00000007  b_palette_init                     palette
     00000007  b_restore_sram                     flasher
     00000007  b_restore_sram_bank                flasher
     00000007  b_save_sram                        flasher
     00000007  b_save_sram_banks                  
     00000007  b_timers_init                      events
     00000007  b_vm_cos_scale                     vm_math
     00000007  b_vm_music_mute                    vm_music
     00000007  b_vm_music_play                    vm_music
     00000007  b_vm_music_routine                 vm_music
     00000007  b_vm_music_setpos                  vm_music
     00000007  b_vm_music_stop                    vm_music
     00000007  b_vm_print_detect                  vm_gbprinter
     00000007  b_vm_print_overlay                 vm_gbprinter
     00000007  b_vm_projectile_launch             vm_projectiles
     00000007  b_vm_projectile_load_type          vm_projectiles
     00000007  b_vm_rtc_get                       vm_rtc
     00000007  b_vm_rtc_latch                     vm_rtc
     00000007  b_vm_rtc_set                       vm_rtc
     00000007  b_vm_rtc_start                     vm_rtc
     00000007  b_vm_save_clear                    vm_load_save
     00000007  b_vm_save_peek                     vm_load_save
     00000007  b_vm_scene_pop                     vm_scene
     00000007  b_vm_scene_pop_all                 vm_scene
     00000007  b_vm_scene_push                    vm_scene
     00000007  b_vm_scene_stack_reset             vm_scene
     00000007  b_vm_sfx_play                      vm_music
ASxxxx Linker V03.00/V05.40 + sdld,  page 9.
Hexadecimal  [32-Bits]

Area                                    Addr        Size        Decimal Bytes (Attributes)
--------------------------------        ----        ----        ------- ----- ------------
.  .ABS.                            00000000    00000000 =           0. bytes (ABS,CON)

      Value  Global                              Global Defined In Module
      -----  --------------------------------   ------------------------
     00000007  b_vm_sin_scale                     vm_math
     00000007  b_vm_sound_mastervol               vm_music
     00000007  l__HEADER2                      
     00000008  ___bank_actor_18_interact          actor_18_interact
     00000008  ___bank_actor_19_interact          actor_19_interact
     00000008  ___bank_actor_19_update            actor_19_update
     00000008  ___bank_actor_20_interact          actor_20_interact
     00000008  ___bank_actor_20_update            actor_20_update
     00000008  ___bank_actor_21_interact          actor_21_interact
     00000008  ___bank_actor_21_update            actor_21_update
     00000008  ___bank_actor_22_interact          actor_22_interact
     00000008  ___bank_actor_22_update            actor_22_update
     00000008  ___bank_actor_23_interact          actor_23_interact
     00000008  ___bank_actor_23_update            actor_23_update
     00000008  ___bank_actor_24_interact          actor_24_interact
     00000008  ___bank_actor_24_update            actor_24_update
     00000008  ___bank_actor_25_interact          actor_25_interact
     00000008  ___bank_actor_25_update            actor_25_update
     00000008  ___bank_actor_26_interact          actor_26_interact
     00000008  ___bank_actor_26_update            actor_26_update
     00000008  ___bank_actor_29_interact          actor_29_interact
     00000008  ___bank_actor_44_interact          actor_44_interact
     00000008  ___bank_actor_44_update            actor_44_update
     00000008  ___bank_actor_45_interact          actor_45_interact
     00000008  ___bank_actor_45_update            actor_45_update
     00000008  ___bank_actor_46_interact          actor_46_interact
     00000008  ___bank_actor_46_update            actor_46_update
     00000008  ___bank_actor_47_interact          actor_47_interact
     00000008  ___bank_actor_47_update            actor_47_update
     00000008  ___bank_actor_48_interact          actor_48_interact
     00000008  ___bank_actor_48_update            actor_48_update
     00000008  ___bank_actor_49_interact          actor_49_interact
     00000008  ___bank_actor_49_update            actor_49_update
     00000008  ___bank_actor_50_interact          actor_50_interact
     00000008  ___bank_actor_50_update            actor_50_update
     00000008  ___bank_actor_51_interact          actor_51_interact
     00000008  ___bank_actor_51_update            actor_51_update
     00000008  ___bank_actor_52_interact          actor_52_interact
     00000008  ___bank_actor_52_update            actor_52_update
     00000008  ___bank_actor_53_interact          actor_53_interact
     00000008  ___bank_actor_53_update            actor_53_update
     00000008  ___bank_bg_house                   bg_house
     00000008  ___bank_bg_house_wide              bg_house_wide
     00000008  ___bank_bg_launch_site             bg_launch_site
     00000008  ___bank_bg_leaving_earth           bg_leaving_earth
     00000008  ___bank_bg_logo                    bg_logo
     00000008  ___bank_bg_parallax                bg_parallax
     00000008  ___bank_bg_stars                   bg_stars
     00000008  ___bank_bg_titlescreen             bg_titlescreen
     00000008  ___bank_cursor_image               cursor_image
     00000008  ___bank_emote_shock                emote_shock
ASxxxx Linker V03.00/V05.40 + sdld,  page 10.
Hexadecimal  [32-Bits]

Area                                    Addr        Size        Decimal Bytes (Attributes)
--------------------------------        ----        ----        ------- ----- ------------
.  .ABS.                            00000000    00000000 =           0. bytes (ABS,CON)

      Value  Global                              Global Defined In Module
      -----  --------------------------------   ------------------------
     00000008  ___bank_scene_12                   scene_12
     00000008  ___bank_scene_12_p_hit1            scene_12_p_hit1
     00000008  ___bank_scene_12_projectiles       scene_12_projectiles
     00000008  ___bank_scene_12_sprites           scene_12_sprites
     00000008  ___bank_scene_12_triggers          scene_12_triggers
     00000008  ___bank_scene_15                   scene_15
     00000008  ___bank_scene_15_actors            scene_15_actors
     00000008  ___bank_scene_15_init              scene_15_init
     00000008  ___bank_scene_15_triggers          scene_15_triggers
     00000008  ___bank_scene_18                   scene_18
     00000008  ___bank_scene_18_sprites           scene_18_sprites
     00000008  ___bank_scene_18_triggers          scene_18_triggers
     00000008  ___bank_scene_19                   scene_19
     00000008  ___bank_scene_19_sprites           scene_19_sprites
     00000008  ___bank_scene_19_triggers          scene_19_triggers
     00000008  ___bank_scene_20                   scene_20
     00000008  ___bank_scene_20_init              scene_20_init
     00000008  ___bank_scene_20_sprites           scene_20_sprites
     00000008  ___bank_scene_20_triggers          scene_20_triggers
     00000008  ___bank_scene_9                    scene_9
     00000008  ___bank_scene_9_actors             scene_9_actors
     00000008  ___bank_scene_9_init               scene_9_init
     00000008  ___bank_scene_9_sprites            scene_9_sprites
     00000008  ___bank_scene_logo                 scene_logo
     00000008  ___bank_scene_title_screen         scene_title_screen
     00000008  ___bank_script_enemy_ship_destro   script_enemy_ship_destroy
     00000008  ___bank_script_enemy_ship_hit_pl   script_enemy_ship_hit_playe
     00000008  ___bank_script_init_weapons        script_init_weapons
     00000008  ___bank_script_input               script_input
     00000008  ___bank_sprite_bullet_left         sprite_bullet_left
     00000008  ___bank_sprite_bullet_right        sprite_bullet_right
     00000008  ___bank_sprite_cat                 sprite_cat
     00000008  ___bank_sprite_hidden_stairs       sprite_hidden_stairs
     00000008  ___bank_sprite_keyboard            sprite_keyboard
     00000008  ___bank_sprite_machine             sprite_machine
     00000008  ___bank_sprite_npc008              sprite_npc008
     00000008  ___bank_sprite_rock                sprite_rock
     00000008  ___bank_sprite_savepoint           sprite_savepoint
     00000008  ___bank_sprite_signpost            sprite_signpost
     00000008  ___bank_sprite_signpost_tileset    sprite_signpost_tileset
     00000008  ___bank_sprite_ui_weapon           sprite_ui_weapon
     00000008  ___bank_sprite_ui_weapon_tileset   sprite_ui_weapon_tileset
     00000008  ___bank_spritesheet_none           spritesheet_none
     00000008  ___bank_trigger_14_interact        trigger_14_interact
     00000008  ___bank_trigger_15_interact        trigger_15_interact
     00000008  ___bank_trigger_42_interact        trigger_42_interact
     00000008  ___bank_trigger_43_interact        trigger_43_interact
     00000008  ___bank_trigger_44_interact        trigger_44_interact
     00000008  ___bank_trigger_45_interact        trigger_45_interact
     00000008  ___bank_trigger_46_interact        trigger_46_interact
     00000008  ___mute_mask_sound_gbstudio_sfx_   sound_gbstudio_sfx_sav
ASxxxx Linker V03.00/V05.40 + sdld,  page 11.
Hexadecimal  [32-Bits]

Area                                    Addr        Size        Decimal Bytes (Attributes)
--------------------------------        ----        ----        ------- ----- ------------
.  .ABS.                            00000000    00000000 =           0. bytes (ABS,CON)

      Value  Global                              Global Defined In Module
      -----  --------------------------------   ------------------------
     00000008  ___mute_mask_sound_gbstudio_sfx_   sound_gbstudio_sfx_sav
     00000008  ___mute_mask_sound_legacy_0        sound_legacy_0
     00000008  b_input_init                       input
     00000008  b_logo_init                        logo
     00000008  b_logo_update                      logo
     00000008  b_parallax_init                    parallax
     00000008  b_remove_LCD_ISRs                  interrupts
     00000008  b_scroll_rect                      
     00000008  l__HEADER3                      
     0000000A  ___mute_mask_sound_gbstudio_sfx_   sound_gbstudio_sfx_sav
     0000000C  __start_save                    
     00000019  l__INITIALIZED                  
     00000019  l__INITIALIZER                  
     00000027  l__GSINIT                       
     00000030  l__HEADER7                      
     00000060  l__HEADER4                      
     000000AB  l__HEADER11                     
     000001CB  l__CRASH_SCRATCH2               
     00000200  s__CODE                         
     00000E9E  l__CODE_8                       
     00000EC5  l__CODE                         
     000010C5  s__HOME                         
     00001993  l__DATA                         
     00002000  _rROMB0                            
     00002D53  l__HOME                         
     00003000  _rROMB1                            
     00003E18  s__BASE                         
     00003E18  s__CODE_0                       
     00003E18  s__INITIALIZER                  
     00003E18  s__LIT                          
     00003E31  s__GSINIT                       
     00003E58  s__GSFINAL                      
     00003FFE  l__CODE_3                       
     00003FFF  l__CODE_1                       
     00004000  _RTC_SELECT_REG                    vm_rtc
     00004000  _rRAMB                             
     00004000  l__CODE_2                       
     00004000  l__CODE_4                       
     00004000  l__CODE_5                       
     00004000  l__CODE_6                       
     00004000  l__CODE_7                       
     00006000  _RTC_LATCH_REG                     vm_rtc
     00008000  __VRAM                             
     00008000  __VRAM8000                         
     00008800  __VRAM8800                         
     00009000  __VRAM9000                         
     00009800  __SCRN0                            
     00009C00  __SCRN1                            
     0000A000  _RTC_VALUE_REG                     vm_rtc
     0000A000  __SRAM                             
     0000C000  __RAM                              
ASxxxx Linker V03.00/V05.40 + sdld,  page 12.
Hexadecimal  [32-Bits]

Area                                    Addr        Size        Decimal Bytes (Attributes)
--------------------------------        ----        ----        ------- ----- ------------
.  .ABS.                            00000000    00000000 =           0. bytes (ABS,CON)

      Value  Global                              Global Defined In Module
      -----  --------------------------------   ------------------------
     0000C000  _shadow_OAM                     
     0000C0A0  s__DATA                         
     0000D000  __RAMBANK                          
     0000DA33  s__BSS                          
     0000DA33  s__INITIALIZED                  
     0000DA4C  s__HEAP                         
     0000DA4C  s__HEAP_END                     
     0000DF00  .STACK                          
     0000DF00  _shadow_OAM2                       absolute
     0000DFA0  _BkgPalette                        absolute
     0000DFE0  _vwf_tile_data                     absolute
     0000FE00  __OAMRAM                           
     0000FF00  _P1_REG                            
     0000FF00  __IO                               
     0000FF01  _SB_REG                            
     0000FF02  _SC_REG                            
     0000FF04  _DIV_REG                           
     0000FF05  _TIMA_REG                          
     0000FF06  _TMA_REG                           
     0000FF07  _TAC_REG                           
     0000FF0F  _IF_REG                            
     0000FF10  _NR10_REG                          
     0000FF11  _NR11_REG                          
     0000FF12  _NR12_REG                          
     0000FF13  _NR13_REG                          
     0000FF14  _NR14_REG                          
     0000FF16  _NR21_REG                          
     0000FF17  _NR22_REG                          
     0000FF18  _NR23_REG                          
     0000FF19  _NR24_REG                          
     0000FF1A  _NR30_REG                          
     0000FF1B  _NR31_REG                          
     0000FF1C  _NR32_REG                          
     0000FF1D  _NR33_REG                          
     0000FF1E  _NR34_REG                          
     0000FF20  _NR41_REG                          
     0000FF21  _NR42_REG                          
     0000FF22  _NR43_REG                          
     0000FF23  _NR44_REG                          
     0000FF24  _NR50_REG                          
     0000FF25  _NR51_REG                          
     0000FF26  _NR52_REG                          
     0000FF30  _AUD3WAVE                          
     0000FF30  _PCM_SAMPLE                        
     0000FF30  __AUD3WAVERAM                      
     0000FF40  _LCDC_REG                          
     0000FF41  _STAT_REG                          
     0000FF42  _SCY_REG                           
     0000FF43  _SCX_REG                           
     0000FF44  _LY_REG                            
     0000FF45  _LYC_REG                           
ASxxxx Linker V03.00/V05.40 + sdld,  page 13.
Hexadecimal  [32-Bits]

Area                                    Addr        Size        Decimal Bytes (Attributes)
--------------------------------        ----        ----        ------- ----- ------------
.  .ABS.                            00000000    00000000 =           0. bytes (ABS,CON)

      Value  Global                              Global Defined In Module
      -----  --------------------------------   ------------------------
     0000FF46  _DMA_REG                           
     0000FF47  _BGP_REG                           
     0000FF48  _OBP0_REG                          
     0000FF49  _OBP1_REG                          
     0000FF4A  _WY_REG                            
     0000FF4B  _WX_REG                            
     0000FF4D  _KEY1_REG                          
     0000FF4F  _VBK_REG                           
     0000FF51  _HDMA1_REG                         
     0000FF52  _HDMA2_REG                         
     0000FF53  _HDMA3_REG                         
     0000FF54  _HDMA4_REG                         
     0000FF55  _HDMA5_REG                         
     0000FF56  _RP_REG                            
     0000FF68  _BCPS_REG                          
     0000FF69  _BCPD_REG                          
     0000FF6A  _OCPS_REG                          
     0000FF6B  _OCPD_REG                          
     0000FF70  _SVBK_REG                          
     0000FF76  _PCM12_REG                         
     0000FF77  _PCM34_REG                         
     0000FF80  .refresh_OAM                    
     0000FF80  __HRAM                             
     0000FFFF  _IE_REG                            
     00014000  s__CODE_1                       
     00024000  s__CODE_2                       
     00034000  s__CODE_3                       
     00044000  s__CODE_4                       
     00054000  s__CODE_5                       
     00064000  s__CODE_6                       
     00074000  s__CODE_7                       
     00084000  s__CODE_8                       

ASxxxx Linker V03.00/V05.40 + sdld,  page 14.
Hexadecimal  [32-Bits]

Area                                    Addr        Size        Decimal Bytes (Attributes)
--------------------------------        ----        ----        ------- ----- ------------
_CODE                               00000200    00000EC5 =        3781. bytes (REL,CON)

      Value  Global                              Global Defined In Module
      -----  --------------------------------   ------------------------
     00000200  ___HandleCrash                     
     0000020A  _SIO_send_byte                     
     0000021D  _SIO_receive                       
     0000022E  _GetWinAddr                        
     00000236  _GetBkgAddr                        
     00000244  _state_init                        
     00000249  _state_update                      
     0000026B  _ui_time_masks                     
     00000273  _ui_print_shift_char               
     000002F6  _ui_draw_frame_row                 
     000002FF  .ui_draw_frame_row                 
     00000328  _script_cmds                       vm_instructions
     00000560  _save_signature                    game_signature
     00000564  _start_scene_x                     
     00000566  _start_scene_y                     
     00000568  _start_scene_dir                   
     00000569  _start_scene                       
     0000056C  _start_player_move_speed           
     0000056D  _start_player_anim_tick            
     0000056E  _ui_fonts                          
     00000571  _core_reset_hook                   main
     00000579  _main                              main
     00000581  _state_start_fns                   
     0000058D  _state_update_fns                  
     00000599  _hUGE_init                         hUGEDriver_obj
     0000059B  hUGE_init                          hUGEDriver_obj
     000005F1  _hUGE_mute_channel                 hUGEDriver_obj
     000005F3  hUGE_mute_channel                  hUGEDriver_obj
     00000841  _hUGE_set_position                 hUGEDriver_obj
     00000843  hUGE_set_position                  hUGEDriver_obj
     00000A08  _hUGE_dosound                      hUGEDriver_obj
     00000A08  hUGE_dosound                       hUGEDriver_obj
     00000D34  _get_vram_byte                     
     00000D3C  _get_win_tile_xy                   
     00000D44  _get_bkg_tile_xy                   
     00000D6B  _set_sprite_palette                CGB
     00000D70  _set_bkg_palette                   CGB
     00000D73  .set_palette                       CGB
     00000D92  _set_sprite_palette_entry          CGB
     00000D97  _set_bkg_palette_entry             CGB
     00000D9A  .set_palette_entry                 CGB
     00000DB6  _hide_sprites_range                Metasprites
     00000DE5  __mulsuchar                        mul
     00000DE8  __muluschar                        mul
     00000DF1  __mulschar                         mul
     00000DF9  __mulint                           mul
     00000E18  __muluchar                         mul
     00000E2A  _set_vram_byte                     
     00000E33  _set_win_tile_xy                   
     00000E3C  _set_bkg_tile_xy                   
ASxxxx Linker V03.00/V05.40 + sdld,  page 15.
Hexadecimal  [32-Bits]

Area                                    Addr        Size        Decimal Bytes (Attributes)
--------------------------------        ----        ----        ------- ----- ------------
_CODE                               00000200    00000EC5 =        3781. bytes (REL,CON)

      Value  Global                              Global Defined In Module
      -----  --------------------------------   ------------------------
     00000E6B  .sgb_check                         
     00000E6B  _sgb_check                         
     00000EB3  _sgb_transfer                      
     00000EB8  .sgb_transfer                      
     00000EF9  .copy_vram                         
     00000EFF  _get_data                          
     00000EFF  _set_data                          
     00000EFF  _vmemcpy                           
     00000F4D  ___move_metasprite                 Metasprites
     00000F8A  ___memcpy                          
     00000F8A  _memcpy                            
     00000FBC  _cpu_slow                          CGB
     00000FD7  _cpu_fast                          CGB
     00000FDE  __divsuchar                        divmod
     00000FE4  __modsuchar                        divmod
     00000FED  __divuschar                        divmod
     00000FF6  __moduschar                        divmod
     00001002  __divschar                         divmod
     00001007  __modschar                         divmod
     0000100E  __divsint                          divmod
     00001017  __modsint                          divmod
     00001023  __divuchar                         divmod
     00001028  __moduchar                         divmod
     0000102F  __divuint                          divmod
     00001038  __moduint                          divmod
     00001044  .div8                              divmod
     00001044  .mod8                              divmod
     0000104C  .div16                             divmod
     0000104C  .mod16                             divmod
     00001082  .divu8                             divmod
     00001082  .modu8                             divmod
     00001085  .divu16                            divmod
     00001085  .modu16                            divmod

ASxxxx Linker V03.00/V05.40 + sdld,  page 16.
Hexadecimal  [32-Bits]

Area                                    Addr        Size        Decimal Bytes (Attributes)
--------------------------------        ----        ----        ------- ----- ------------
_HEADER0                            00000000    00000001 =           1. bytes (ABS,CON)

      Value  Global                              Global Defined In Module
      -----  --------------------------------   ------------------------
     00000020  .call_hl                           Runtime

ASxxxx Linker V03.00/V05.40 + sdld,  page 17.
Hexadecimal  [32-Bits]

Area                                    Addr        Size        Decimal Bytes (Attributes)
--------------------------------        ----        ----        ------- ----- ------------
_HEADER1                            00000000    00000005 =           5. bytes (ABS,CON)

      Value  Global                              Global Defined In Module
      -----  --------------------------------   ------------------------
     00000028  .MemsetSmall                       Runtime

ASxxxx Linker V03.00/V05.40 + sdld,  page 18.
Hexadecimal  [32-Bits]

Area                                    Addr        Size        Decimal Bytes (Attributes)
--------------------------------        ----        ----        ------- ----- ------------
_HEADER2                            00000000    00000007 =           7. bytes (ABS,CON)

      Value  Global                              Global Defined In Module
      -----  --------------------------------   ------------------------
     00000030  .MemcpySmall                       Runtime

ASxxxx Linker V03.00/V05.40 + sdld,  page 19.
Hexadecimal  [32-Bits]

Area                                    Addr        Size        Decimal Bytes (Attributes)
--------------------------------        ----        ----        ------- ----- ------------
_HEADER3                            00000000    00000008 =           8. bytes (ABS,CON)

      Value  Global                              Global Defined In Module
      -----  --------------------------------   ------------------------
ASxxxx Linker V03.00/V05.40 + sdld,  page 20.
Hexadecimal  [32-Bits]

Area                                    Addr        Size        Decimal Bytes (Attributes)
--------------------------------        ----        ----        ------- ----- ------------
_HEADER4                            00000000    00000060 =          96. bytes (ABS,CON)

      Value  Global                              Global Defined In Module
      -----  --------------------------------   ------------------------
     00000080  .int                               Runtime
     0000008F  _wait_int_handler                  Runtime
     0000009C  __standard_VBL_handler             Runtime
     000000AB  _refresh_OAM                       Runtime
     000000CC  _set_interrupts                    Runtime

ASxxxx Linker V03.00/V05.40 + sdld,  page 21.
Hexadecimal  [32-Bits]

Area                                    Addr        Size        Decimal Bytes (Attributes)
--------------------------------        ----        ----        ------- ----- ------------
_HEADER5                            00000000    00000001 =           1. bytes (ABS,CON)

      Value  Global                              Global Defined In Module
      -----  --------------------------------   ------------------------
ASxxxx Linker V03.00/V05.40 + sdld,  page 22.
Hexadecimal  [32-Bits]

Area                                    Addr        Size        Decimal Bytes (Attributes)
--------------------------------        ----        ----        ------- ----- ------------
_HEADER6                            00000000    00000002 =           2. bytes (ABS,CON)

      Value  Global                              Global Defined In Module
      -----  --------------------------------   ------------------------
ASxxxx Linker V03.00/V05.40 + sdld,  page 23.
Hexadecimal  [32-Bits]

Area                                    Addr        Size        Decimal Bytes (Attributes)
--------------------------------        ----        ----        ------- ----- ------------
_HEADER7                            00000000    00000030 =          48. bytes (ABS,CON)

      Value  Global                              Global Defined In Module
      -----  --------------------------------   ------------------------
ASxxxx Linker V03.00/V05.40 + sdld,  page 24.
Hexadecimal  [32-Bits]

Area                                    Addr        Size        Decimal Bytes (Attributes)
--------------------------------        ----        ----        ------- ----- ------------
_HEADER8                            00000000    00000006 =           6. bytes (ABS,CON)

      Value  Global                              Global Defined In Module
      -----  --------------------------------   ------------------------
ASxxxx Linker V03.00/V05.40 + sdld,  page 25.
Hexadecimal  [32-Bits]

Area                                    Addr        Size        Decimal Bytes (Attributes)
--------------------------------        ----        ----        ------- ----- ------------
_HEADER9                            00000000    00000003 =           3. bytes (ABS,CON)

      Value  Global                              Global Defined In Module
      -----  --------------------------------   ------------------------
ASxxxx Linker V03.00/V05.40 + sdld,  page 26.
Hexadecimal  [32-Bits]

Area                                    Addr        Size        Decimal Bytes (Attributes)
--------------------------------        ----        ----        ------- ----- ------------
_HEADERa                            00000000    00000001 =           1. bytes (ABS,CON)

      Value  Global                              Global Defined In Module
      -----  --------------------------------   ------------------------
ASxxxx Linker V03.00/V05.40 + sdld,  page 27.
Hexadecimal  [32-Bits]

Area                                    Addr        Size        Decimal Bytes (Attributes)
--------------------------------        ----        ----        ------- ----- ------------
_HEADERb                            00000000    00000001 =           1. bytes (ABS,CON)

      Value  Global                              Global Defined In Module
      -----  --------------------------------   ------------------------
ASxxxx Linker V03.00/V05.40 + sdld,  page 28.
Hexadecimal  [32-Bits]

Area                                    Addr        Size        Decimal Bytes (Attributes)
--------------------------------        ----        ----        ------- ----- ------------
_HEADERc                            00000000    00000001 =           1. bytes (ABS,CON)

      Value  Global                              Global Defined In Module
      -----  --------------------------------   ------------------------
ASxxxx Linker V03.00/V05.40 + sdld,  page 29.
Hexadecimal  [32-Bits]

Area                                    Addr        Size        Decimal Bytes (Attributes)
--------------------------------        ----        ----        ------- ----- ------------
_HEADERd                            00000000    00000002 =           2. bytes (ABS,CON)

      Value  Global                              Global Defined In Module
      -----  --------------------------------   ------------------------
ASxxxx Linker V03.00/V05.40 + sdld,  page 30.
Hexadecimal  [32-Bits]

Area                                    Addr        Size        Decimal Bytes (Attributes)
--------------------------------        ----        ----        ------- ----- ------------
_HEADERe                            00000000    00000001 =           1. bytes (ABS,CON)

      Value  Global                              Global Defined In Module
      -----  --------------------------------   ------------------------
ASxxxx Linker V03.00/V05.40 + sdld,  page 31.
Hexadecimal  [32-Bits]

Area                                    Addr        Size        Decimal Bytes (Attributes)
--------------------------------        ----        ----        ------- ----- ------------
_HEADERf                            00000000    00000001 =           1. bytes (ABS,CON)

      Value  Global                              Global Defined In Module
      -----  --------------------------------   ------------------------
ASxxxx Linker V03.00/V05.40 + sdld,  page 32.
Hexadecimal  [32-Bits]

Area                                    Addr        Size        Decimal Bytes (Attributes)
--------------------------------        ----        ----        ------- ----- ------------
_HEADER10                           00000000    00000002 =           2. bytes (ABS,CON)

      Value  Global                              Global Defined In Module
      -----  --------------------------------   ------------------------
ASxxxx Linker V03.00/V05.40 + sdld,  page 33.
Hexadecimal  [32-Bits]

Area                                    Addr        Size        Decimal Bytes (Attributes)
--------------------------------        ----        ----        ------- ----- ------------
_HEADER11                           00000000    000000AB =         171. bytes (ABS,CON)

      Value  Global                              Global Defined In Module
      -----  --------------------------------   ------------------------
     00000150  .reset                             Runtime
     00000150  _reset                             Runtime
     00000157  .code_start                        Runtime
     000001B9  _exit                              Runtime
     000001BD  .wait_vbl_done                     Runtime
     000001BD  _vsync                             Runtime
     000001BD  _wait_vbl_done                     Runtime
     000001CD  .remove_VBL                        Runtime
     000001CD  _remove_VBL                        Runtime
     000001D0  .remove_int                        Runtime
     000001ED  .add_VBL                           Runtime
     000001ED  _add_VBL                           Runtime
     000001F0  .add_int                           Runtime

ASxxxx Linker V03.00/V05.40 + sdld,  page 34.
Hexadecimal  [32-Bits]

Area                                    Addr        Size        Decimal Bytes (Attributes)
--------------------------------        ----        ----        ------- ----- ------------
_HOME                               000010C5    00002D53 =       11603. bytes (REL,CON)

      Value  Global                              Global Defined In Module
      -----  --------------------------------   ------------------------
     000010C5  .memset_simple                     Runtime
     000010CE  .memcpy_simple                     Runtime
     000010EB  .display_off                       Runtime
     000010EB  _display_off                       Runtime
     00001103  _actors_update                     actor
     00001569  _SetBankedBkgData                  bankdata
     00001585  _SetBankedSpriteData               bankdata
     000015A1  _SetBankedBkgTiles                 bankdata
     000015BD  _SetBankedWinTiles                 bankdata
     000015D9  _ReadBankedFarPtr                  bankdata
     000015FB  _ReadBankedUWORD                   bankdata
     00001615  _MemcpyBanked                      bankdata
     00001637  _MemcpyVRAMBanked                  bankdata
     00001666  _IndexOfFarPtr                     bankdata
     000016EB  _camera_update                     camera
     0000181E  _load_animations                   data_manager
     00001877  _events_update                     events
     0000194A  _timers_update                     events
     000019D3  _input_update                      input
     000019F6  .sio_ISR                           
     00001A50  .timer_ISR                         
     00001A65  _simple_LCD_isr                    interrupts
     00001AE4  _fullscreen_LCD_isr                interrupts
     00001B10  _VBL_isr                           interrupts
     00001B5A  _isqrt                             math
     00001BB7  _sine_wave                         math
     00001CB7  _dir_lookup                        math
     00001CBF  _dir_angle_lookup                  math
     00001CC3  _hUGETrackerRoutine                music_manager
     00001CEA  _music_events_update               music_manager
     00001D6C  _music_play_isr                    music_manager
     00001E0D  _parallax_LCD_isr                  parallax
     00001E4A  _projectiles_update                projectiles
     000022CB  _projectiles_render                projectiles
     00002420  _scroll_load_pending_row           scroll
     000024A6  _scroll_load_row                   scroll
     0000251B  _scroll_load_col                   scroll
     00002584  _scroll_load_pending_col           scroll
     0000260C  _set_bkg_submap                    
     0000264F  _set_xy_win_submap                 
     0000267C  .set_xy_win_submap                 
     00002685  .set_xy_bkg_submap                 
     00002694  .set_xy_submap                     
     000026E0  _sfx_play_isr                      sfx_player
     000027B9  _on_SIO_receive                    sio
     000027FA  _SIO_update                        sio
     00002861  _ui_update                         ui
     00002999  _vm_sgb_transfer                   vm_sgb
     000029E6  _vm_load_text                      vm_ui
     00002C3C  _vm_switch                         vm
ASxxxx Linker V03.00/V05.40 + sdld,  page 35.
Hexadecimal  [32-Bits]

Area                                    Addr        Size        Decimal Bytes (Attributes)
--------------------------------        ----        ----        ------- ----- ------------
_HOME                               000010C5    00002D53 =       11603. bytes (REL,CON)

      Value  Global                              Global Defined In Module
      -----  --------------------------------   ------------------------
     00002D6D  _vm_beginthread                    vm
     00002E91  _vm_rpn                            vm
     000038A9  _vm_get_far                        vm
     00003917  _vm_call_native                    vm
     0000392A  _VM_STEP                           vm
     00003994  _script_runner_update              vm
     00003AF9  _fill_win_rect                     
     00003B0B  _rand                              
     00003B0B  _randw                             
     00003B36  _initrand                          
     00003B38  .initrand                          
     00003B41  _get_bkg_data                      
     00003B41  _get_win_data                      
     00003B8E  _get_sprite_data                   
     00003BC1  _abs                               abs
     00003BCE  _set_win_tiles                     
     00003BE2  _set_tile_data                     
     00003BE7  _set_bkg_data                      
     00003BE7  _set_win_data                      
     00003BEF  _set_sprite_data                   
     00003C1F  _reverse                           reverse
     00003C53  ___call__banked                    far_ptr
     00003C70  _to_far_ptr                        far_ptr
     00003CA6  .add_LCD                           
     00003CA6  _add_LCD                           
     00003CAC  .remove_LCD                        
     00003CAC  _remove_LCD                        
     00003CB2  .fill_rect_wtt                     
     00003CBB  .fill_rect_btt                     
     00003D08  _fill_bkg_rect                     
     00003D1A  .padup                             
     00003D1A  _waitpadup                         
     00003D2A  .jpad                              
     00003D2A  _joypad                            
     00003D52  _waitpad                           
     00003D53  .wait_pad                          
     00003D5A  ___sdcc_call_hl                    call_hl
     00003D5B  _memset                            memset
     00003D8E  .set_xy_wtt                        SetTileMap
     00003D97  .set_xy_btt                        SetTileMap
     00003DA6  .set_xy_tt                         SetTileMap
     00003DEA  ___sdcc_bcall_ehl                  
     00003E04  _set_bkg_tiles                     
ASxxxx Linker V03.00/V05.40 + sdld,  page 36.
Hexadecimal  [32-Bits]

Area                                    Addr        Size        Decimal Bytes (Attributes)
--------------------------------        ----        ----        ------- ----- ------------
_INITIALIZER                        00003E18    00000019 =          25. bytes (REL,CON)

      Value  Global                              Global Defined In Module
      -----  --------------------------------   ------------------------
ASxxxx Linker V03.00/V05.40 + sdld,  page 37.
Hexadecimal  [32-Bits]

Area                                    Addr        Size        Decimal Bytes (Attributes)
--------------------------------        ----        ----        ------- ----- ------------
_GSINIT                             00003E31    00000027 =          39. bytes (REL,CON)

      Value  Global                              Global Defined In Module
      -----  --------------------------------   ------------------------
     00003E31  gsinit                             Runtime

ASxxxx Linker V03.00/V05.40 + sdld,  page 38.
Hexadecimal  [32-Bits]

Area                                    Addr        Size        Decimal Bytes (Attributes)
--------------------------------        ----        ----        ------- ----- ------------
_GSFINAL                            00003E58    00000001 =           1. bytes (REL,CON)

      Value  Global                              Global Defined In Module
      -----  --------------------------------   ------------------------
ASxxxx Linker V03.00/V05.40 + sdld,  page 39.
Hexadecimal  [32-Bits]

Area                                    Addr        Size        Decimal Bytes (Attributes)
--------------------------------        ----        ----        ------- ----- ------------
_DATA                               0000C0A0    00001993 =        6547. bytes (REL,CON)

      Value  Global                              Global Defined In Module
      -----  --------------------------------   ------------------------
     0000C0A0  __cpu                              Runtime
     0000C0A1  __is_GBA                           Runtime
     0000C0A2  .mode                              Runtime
     0000C0A3  .sys_time                          Runtime
     0000C0A3  _sys_time                          Runtime
     0000C0A5  .int_0x40                          Runtime
     0000C0B1  _actors                            actor
     0000C4F5  _actors_active_head                actor
     0000C4F7  _actors_active_tail                actor
     0000C4F9  _actors_inactive_head              actor
     0000C4FB  _screen_x                          actor
     0000C4FC  _screen_y                          actor
     0000C4FD  _invalid                           actor
     0000C4FF  _player_moving                     actor
     0000C500  _player_iframes                    actor
     0000C501  _player_collision_actor            actor
     0000C503  _emote_actor                       actor
     0000C505  _emote_timer                       actor
     0000C506  _allocated_sprite_tiles            actor
     0000C507  _allocated_hardware_sprites        actor
     0000C514  _camera_x                          camera
     0000C516  _camera_y                          camera
     0000C518  _camera_offset_x                   camera
     0000C519  _camera_offset_y                   camera
     0000C51A  _camera_deadzone_x                 camera
     0000C51B  _camera_deadzone_y                 camera
     0000C51C  _camera_settings                   camera
     0000C520  _current_scene                     data_manager
     0000C523  _image_bank                        data_manager
     0000C524  _image_ptr                         data_manager
     0000C526  _image_attr_bank                   data_manager
     0000C527  _image_attr_ptr                    data_manager
     0000C529  _collision_bank                    data_manager
     0000C52A  _collision_ptr                     data_manager
     0000C52C  _image_tile_width                  data_manager
     0000C52D  _image_tile_height                 data_manager
     0000C52E  _image_width                       data_manager
     0000C530  _image_height                      data_manager
     0000C532  _sprites_len                       data_manager
     0000C533  _actors_len                        data_manager
     0000C534  _projectiles_len                   data_manager
     0000C535  _player_sprite_len                 data_manager
     0000C536  _scene_type                        data_manager
     0000C537  _scene_LCD_type                    data_manager
     0000C538  _scene_stack                       data_manager
     0000C578  _scene_stack_ptr                   data_manager
     0000C57A  _scene_sprites_base_tiles          data_manager
     0000C5BA  _input_events                      events
     0000C5E2  _input_slots                       events
     0000C5EA  _timer_events                      events
ASxxxx Linker V03.00/V05.40 + sdld,  page 40.
Hexadecimal  [32-Bits]

Area                                    Addr        Size        Decimal Bytes (Attributes)
--------------------------------        ----        ----        ------- ----- ------------
_DATA                               0000C0A0    00001993 =        6547. bytes (REL,CON)

      Value  Global                              Global Defined In Module
      -----  --------------------------------   ------------------------
     0000C5FE  _timer_values                      events
     0000C606  _fade_running                      fade_manager
     0000C607  _fade_frames_per_step              fade_manager
     0000C608  _fade_timer                        fade_manager
     0000C610  _joypads                           input
     0000C615  _frame_joy                         input
     0000C616  _last_joy                          input
     0000C617  _recent_joy                        input
     0000C618  _SIO_status                        
     0000C619  _link_byte_sent                    
     0000C61A  _link_next_mode                    
     0000C61B  _save_blob_size                    load_save
     0000C61D  _routine_queue                     music_manager
     0000C621  _routine_queue_head                music_manager
     0000C622  _routine_queue_tail                music_manager
     0000C623  _music_events                      music_manager
     0000C637  _music_current_track_bank          music_manager
     0000C638  _music_mute_mask                   music_manager
     0000C639  _music_effective_mute              music_manager
     0000C63A  _music_next_track                  music_manager
     0000C63C  _music_current_track               music_manager
     0000C63E  _music_play_isr_counter            music_manager
     0000C63F  _music_play_isr_pause              music_manager
     0000C640  _music_global_mute_mask            music_manager
     0000C641  _music_sfx_priority                music_manager
     0000C642  _DMG_palette                       palette
     0000C645  _SprPalette                        palette
     0000C685  _parallax_rows                     parallax
     0000C697  _parallax_row                      parallax
     0000C699  _projectiles                       projectiles
     0000C752  _projectile_defs                   projectiles
     0000C7C5  _projectiles_active_head           projectiles
     0000C7C7  _projectiles_inactive_head         projectiles
     0000C7CE  _scroll_x                          scroll
     0000C7D0  _scroll_y                          scroll
     0000C7D2  _draw_scroll_x                     scroll
     0000C7D4  _draw_scroll_y                     scroll
     0000C7D6  _scroll_x_max                      scroll
     0000C7D8  _scroll_y_max                      scroll
     0000C7DA  _scroll_offset_x                   scroll
     0000C7DB  _scroll_offset_y                   scroll
     0000C7DC  _pending_h_x                       scroll
     0000C7DD  _pending_h_y                       scroll
     0000C7DE  _pending_h_i                       scroll
     0000C7DF  _pending_w_x                       scroll
     0000C7E0  _pending_w_y                       scroll
     0000C7E1  _pending_w_i                       scroll
     0000C7E2  _current_row                       scroll
     0000C7E4  _new_row                           scroll
     0000C7E6  _current_col                       scroll
     0000C7E8  _new_col                           scroll
ASxxxx Linker V03.00/V05.40 + sdld,  page 41.
Hexadecimal  [32-Bits]

Area                                    Addr        Size        Decimal Bytes (Attributes)
--------------------------------        ----        ----        ------- ----- ------------
_DATA                               0000C0A0    00001993 =        6547. bytes (REL,CON)

      Value  Global                              Global Defined In Module
      -----  --------------------------------   ------------------------
     0000C7EA  .image_tile_width                  
     0000C7EB  _sfx_play_bank                     sfx_player
     0000C7EC  _sfx_play_sample                   sfx_player
     0000C7EE  _sfx_frame_skip                    sfx_player
     0000C7EF  _link_operation_mode               sio
     0000C7F0  _link_packet                       sio
     0000C810  _link_packet_len                   sio
     0000C811  _link_packet_ptr                   sio
     0000C813  _link_packet_received              sio
     0000C814  _link_packet_snd_len               sio
     0000C815  _link_packet_snd_ptr               sio
     0000C817  _link_packet_sent                  sio
     0000C818  __is_CGB                           system
     0000C819  __is_SGB                           system
     0000C81A  __current_ram_bank                 system
     0000C81B  _triggers                          trigger
     0000C913  _last_trigger_tx                   trigger
     0000C914  _last_trigger_ty                   trigger
     0000C915  _last_trigger                      trigger
     0000C916  _win_pos_x                         ui
     0000C917  _win_dest_pos_x                    ui
     0000C918  _win_pos_y                         ui
     0000C919  _win_dest_pos_y                    ui
     0000C91A  _win_speed                         ui
     0000C91B  _text_drawn                        ui
     0000C91C  _current_text_speed                ui
     0000C91D  _text_options                      ui
     0000C91E  _text_in_speed                     ui
     0000C91F  _text_out_speed                    ui
     0000C920  _text_draw_speed                   ui
     0000C921  _text_ff_joypad                    ui
     0000C922  _text_ff                           ui
     0000C923  _text_bkg_fill                     ui
     0000C924  _ui_text_data                      ui
     0000CA2E  _vwf_current_mask                  ui
     0000CA2F  _vwf_current_rotate                ui
     0000CA30  _vwf_inverse_map                   ui
     0000CA31  _vwf_direction                     ui
     0000CA32  _vwf_current_font_desc             ui
     0000CA3A  _vwf_current_font_bank             ui
     0000CA3B  _vwf_current_font_idx              ui
     0000CA3C  _text_render_base_addr             ui
     0000CA3E  _text_scroll_addr                  ui
     0000CA40  _text_scroll_width                 ui
     0000CA41  _text_scroll_height                ui
     0000CA42  _text_scroll_fill                  ui
     0000CA43  _text_sound_mask                   ui
     0000CA44  _text_sound_bank                   ui
     0000CA45  _text_sound_data                   ui
     0000CA47  _overlay_priority                  ui
     0000CA48  _text_palette                      ui
ASxxxx Linker V03.00/V05.40 + sdld,  page 42.
Hexadecimal  [32-Bits]

Area                                    Addr        Size        Decimal Bytes (Attributes)
--------------------------------        ----        ----        ------- ----- ------------
_DATA                               0000C0A0    00001993 =        6547. bytes (REL,CON)

      Value  Global                              Global Defined In Module
      -----  --------------------------------   ------------------------
     0000CA4F  __itoa_fmt_len                     vm_ui_a
     0000CA50  .itoa_fmt_buf                      vm_ui_a
     0000CA53  _CTXS                              vm
     0000CB83  _first_ctx                         vm
     0000CB85  _free_ctxs                         vm
     0000CB87  _old_executing_ctx                 vm
     0000CB89  _executing_ctx                     vm
     0000CB8B  _vm_lock_state                     vm
     0000CB8C  _vm_loaded_state                   vm
     0000CB8D  _vm_exception_code                 vm
     0000CB8E  _vm_exception_params_length        vm
     0000CB8F  _vm_exception_params_bank          vm
     0000CB90  _vm_exception_params_offset        vm
     0000CB94  _script_memory                     vm
     0000D99A  _grounded                          platform
     0000D99B  _on_slope                          platform
     0000D99C  _slope_y                           platform
     0000D99D  _on_ladder                         platform
     0000D99E  _pl_vel_x                          platform
     0000D9A0  _pl_vel_y                          platform
     0000D9A2  _plat_min_vel                      platform
     0000D9A4  _plat_walk_vel                     platform
     0000D9A6  _plat_climb_vel                    platform
     0000D9A8  _plat_run_vel                      platform
     0000D9AA  _plat_walk_acc                     platform
     0000D9AC  _plat_run_acc                      platform
     0000D9AE  _plat_dec                          platform
     0000D9B0  _plat_jump_vel                     platform
     0000D9B2  _plat_grav                         platform
     0000D9B4  _plat_hold_grav                    platform
     0000D9B6  _plat_max_fall_vel                 platform
     0000D9B8  _shooter_reached_end               shmup
     0000D9B9  _shooter_dest                      shmup
[...]
C:/tmp/_gbsbuild/obj/actor_21_interact.rel
                                          [ actor_21_interact ]
C:/tmp/_gbsbuild/obj/actor_21_update.rel  [ actor_21_update ]
C:/tmp/_gbsbuild/obj/actor_22_interact.rel
                                          [ actor_22_interact ]
C:/tmp/_gbsbuild/obj/actor_22_update.rel  [ actor_22_update ]
C:/tmp/_gbsbuild/obj/actor_23_interact.rel
                                          [ actor_23_interact ]
C:/tmp/_gbsbuild/obj/actor_23_update.rel  [ actor_23_update ]
C:/tmp/_gbsbuild/obj/actor_24_interact.rel
                                          [ actor_24_interact ]
C:/tmp/_gbsbuild/obj/actor_24_update.rel  [ actor_24_update ]
C:/tmp/_gbsbuild/obj/actor_25_interact.rel
                                          [ actor_25_interact ]
C:/tmp/_gbsbuild/obj/actor_25_update.rel  [ actor_25_update ]
C:/tmp/_gbsbuild/obj/actor_26_interact.rel
                                          [ actor_26_interact ]
C:/tmp/_gbsbuild/obj/actor_26_update.rel  [ actor_26_update ]
C:/tmp/_gbsbuild/obj/actor_28_interact.rel
                                          [ actor_28_interact ]
C:/tmp/_gbsbuild/obj/actor_29_interact.rel
                                          [ actor_29_interact ]
C:/tmp/_gbsbuild/obj/actor_30_interact.rel
                                          [ actor_30_interact ]
C:/tmp/_gbsbuild/obj/actor_31_interact.rel
                                          [ actor_31_interact ]
C:/tmp/_gbsbuild/obj/actor_31_update.rel  [ actor_31_update ]
C:/tmp/_gbsbuild/obj/actor_32_interact.rel
                                          [ actor_32_interact ]
C:/tmp/_gbsbuild/obj/actor_33_interact.rel
                                          [ actor_33_interact ]
C:/tmp/_gbsbuild/obj/actor_33_update.rel  [ actor_33_update ]
C:/tmp/_gbsbuild/obj/actor_34_interact.rel
                                          [ actor_34_interact ]
C:/tmp/_gbsbuild/obj/actor_34_update.rel  [ actor_34_update ]
C:/tmp/_gbsbuild/obj/actor_42_interact.rel
                                          [ actor_42_interact ]
C:/tmp/_gbsbuild/obj/actor_43_interact.rel
                                          [ actor_43_interact ]
C:/tmp/_gbsbuild/obj/actor_44_interact.rel
                                          [ actor_44_interact ]
C:/tmp/_gbsbuild/obj/actor_44_update.rel  [ actor_44_update ]
C:/tmp/_gbsbuild/obj/actor_45_interact.rel
                                          [ actor_45_interact ]
C:/tmp/_gbsbuild/obj/actor_45_update.rel  [ actor_45_update ]
C:/tmp/_gbsbuild/obj/actor_46_interact.rel
                                          [ actor_46_interact ]
C:/tmp/_gbsbuild/obj/actor_46_update.rel  [ actor_46_update ]
C:/tmp/_gbsbuild/obj/actor_47_interact.rel
                                          [ actor_47_interact ]
C:/tmp/_gbsbuild/obj/actor_47_update.rel  [ actor_47_update ]
C:/tmp/_gbsbuild/obj/actor_48_interact.rel
                                          [ actor_48_interact ]
C:/tmp/_gbsbuild/obj/actor_48_update.rel  [ actor_48_update ]
C:/tmp/_gbsbuild/obj/actor_49_interact.rel
                                          [ actor_49_interact ]
C:/tmp/_gbsbuild/obj/actor_49_update.rel  [ actor_49_update ]
C:/tmp/_gbsbuild/obj/actor_50_interact.rel
                                          [ actor_50_interact ]
C:/tmp/_gbsbuild/obj/actor_50_update.rel  [ actor_50_update ]
C:/tmp/_gbsbuild/obj/actor_51_interact.rel
                                          [ actor_51_interact ]
C:/tmp/_gbsbuild/obj/actor_51_update.rel  [ actor_51_update ]
C:/tmp/_gbsbuild/obj/actor_52_interact.rel
                                          [ actor_52_interact ]
C:/tmp/_gbsbuild/obj/actor_52_update.rel  [ actor_52_update ]
C:/tmp/_gbsbuild/obj/actor_53_interact.rel
                                          [ actor_53_interact ]
C:/tmp/_gbsbuild/obj/actor_53_update.rel  [ actor_53_update ]
C:/tmp/_gbsbuild/obj/actor_54_interact.rel
                                          [ actor_54_interact ]
C:/tmp/_gbsbuild/obj/bg_house_tilemap_attr.rel
                                          [ bg_house_tilemap_attr ]
C:/tmp/_gbsbuild/obj/bg_house_tilemap.rel
                                          [ bg_house_tilemap ]
C:/tmp/_gbsbuild/obj/bg_house_tileset.rel
                                          [ bg_house_tileset ]
C:/tmp/_gbsbuild/obj/bg_house_wide_tilemap_attr.rel
                                          [ bg_house_wide_tilemap_attr ]
C:/tmp/_gbsbuild/obj/bg_house_wide_tilemap.rel
                                          [ bg_house_wide_tilemap ]
C:/tmp/_gbsbuild/obj/bg_house_wide_tileset.rel
                                          [ bg_house_wide_tileset ]
C:/tmp/_gbsbuild/obj/bg_house_wide.rel    [ bg_house_wide ]
C:/tmp/_gbsbuild/obj/bg_house.rel         [ bg_house ]
C:/tmp/_gbsbuild/obj/bg_launch_site_tilemap_attr.rel
                                          [ bg_launch_site_tilemap_attr ]
C:/tmp/_gbsbuild/obj/bg_launch_site_tilemap.rel
                                          [ bg_launch_site_tilemap ]
C:/tmp/_gbsbuild/obj/bg_launch_site_tileset.rel
                                          [ bg_launch_site_tileset ]
C:/tmp/_gbsbuild/obj/bg_launch_site.rel   [ bg_launch_site ]
C:/tmp/_gbsbuild/obj/bg_leaving_earth_tilemap_attr.rel
                                          [ bg_leaving_earth_tilemap_attr ]
C:/tmp/_gbsbuild/obj/bg_leaving_earth_tilemap.rel
                                          [ bg_leaving_earth_tilemap ]
C:/tmp/_gbsbuild/obj/bg_leaving_earth_tileset.rel
                                          [ bg_leaving_earth_tileset ]
C:/tmp/_gbsbuild/obj/bg_leaving_earth.rel
                                          [ bg_leaving_earth ]
C:/tmp/_gbsbuild/obj/bg_logo_tilemap_attr.rel
                                          [ bg_logo_tilemap_attr ]
C:/tmp/_gbsbuild/obj/bg_logo_tilemap.rel  [ bg_logo_tilemap ]
C:/tmp/_gbsbuild/obj/bg_logo_tileset.rel  [ bg_logo_tileset ]
C:/tmp/_gbsbuild/obj/bg_logo.rel          [ bg_logo ]
C:/tmp/_gbsbuild/obj/bg_parallax_tilemap_attr.rel
                                          [ bg_parallax_tilemap_attr ]
C:/tmp/_gbsbuild/obj/bg_parallax_tilemap.rel
                                          [ bg_parallax_tilemap ]
C:/tmp/_gbsbuild/obj/bg_parallax_tileset.rel
                                          [ bg_parallax_tileset ]
C:/tmp/_gbsbuild/obj/bg_parallax.rel      [ bg_parallax ]
C:/tmp/_gbsbuild/obj/bg_stars_tilemap_attr.rel
                                          [ bg_stars_tilemap_attr ]
C:/tmp/_gbsbuild/obj/bg_stars_tilemap.rel
                                          [ bg_stars_tilemap ]
C:/tmp/_gbsbuild/obj/bg_stars_tileset.rel
                                          [ bg_stars_tileset ]
C:/tmp/_gbsbuild/obj/bg_stars.rel         [ bg_stars ]
C:/tmp/_gbsbuild/obj/bg_titlescreen_tilemap_attr.rel
                                          [ bg_titlescreen_tilemap_attr ]
C:/tmp/_gbsbuild/obj/bg_titlescreen_tilemap.rel
                                          [ bg_titlescreen_tilemap ]
C:/tmp/_gbsbuild/obj/bg_titlescreen_tileset.rel
                                          [ bg_titlescreen_tileset ]
C:/tmp/_gbsbuild/obj/bg_titlescreen.rel   [ bg_titlescreen ]
C:/tmp/_gbsbuild/obj/cursor_image.rel     [ cursor_image ]
C:/tmp/_gbsbuild/obj/emote_shock.rel      [ emote_shock ]
C:/tmp/_gbsbuild/obj/font_gbs_variable_width.rel
                                          [ font_gbs_variable_width ]
C:/tmp/_gbsbuild/obj/frame_image.rel      [ frame_image ]
C:/tmp/_gbsbuild/obj/game_signature.rel   [ game_signature ]
C:/tmp/_gbsbuild/obj/song_drum_example_Data.rel
                                          [ song_drum_example_Data ]
C:/tmp/_gbsbuild/obj/song_rulz_battletheme_0_Data.rel
                                          [ song_rulz_battletheme_0_Data ]
C:/tmp/_gbsbuild/obj/song_rulz_intro_0_Data.rel
                                          [ song_rulz_intro_0_Data ]
C:/tmp/_gbsbuild/obj/song_rulz_lightmood_0_Data.rel
                                          [ song_rulz_lightmood_0_Data ]
C:/tmp/_gbsbuild/obj/palette_0.rel        [ palette_0 ]
C:/tmp/_gbsbuild/obj/palette_1.rel        [ palette_1 ]
C:/tmp/_gbsbuild/obj/palette_2.rel        [ palette_2 ]
C:/tmp/_gbsbuild/obj/scene_12_actors.rel  [ scene_12_actors ]
C:/tmp/_gbsbuild/obj/scene_12_collisions.rel
                                          [ scene_12_collisions ]
C:/tmp/_gbsbuild/obj/scene_12_init.rel    [ scene_12_init ]
C:/tmp/_gbsbuild/obj/scene_12_p_hit1.rel  [ scene_12_p_hit1 ]
C:/tmp/_gbsbuild/obj/scene_12_projectiles.rel
                                          [ scene_12_projectiles ]
C:/tmp/_gbsbuild/obj/scene_12_sprites.rel
                                          [ scene_12_sprites ]
C:/tmp/_gbsbuild/obj/scene_12_triggers.rel
                                          [ scene_12_triggers ]
C:/tmp/_gbsbuild/obj/scene_12.rel         [ scene_12 ]
C:/tmp/_gbsbuild/obj/scene_15_actors.rel  [ scene_15_actors ]
C:/tmp/_gbsbuild/obj/scene_15_collisions.rel
                                          [ scene_15_collisions ]
C:/tmp/_gbsbuild/obj/scene_15_init.rel    [ scene_15_init ]
C:/tmp/_gbsbuild/obj/scene_15_sprites.rel
                                          [ scene_15_sprites ]
C:/tmp/_gbsbuild/obj/scene_15_triggers.rel
                                          [ scene_15_triggers ]
C:/tmp/_gbsbuild/obj/scene_15.rel         [ scene_15 ]
C:/tmp/_gbsbuild/obj/scene_18_actors.rel  [ scene_18_actors ]
C:/tmp/_gbsbuild/obj/scene_18_collisions.rel
                                          [ scene_18_collisions ]
C:/tmp/_gbsbuild/obj/scene_18_init.rel    [ scene_18_init ]
C:/tmp/_gbsbuild/obj/scene_18_sprites.rel
                                          [ scene_18_sprites ]
C:/tmp/_gbsbuild/obj/scene_18_triggers.rel
                                          [ scene_18_triggers ]
C:/tmp/_gbsbuild/obj/scene_18.rel         [ scene_18 ]
C:/tmp/_gbsbuild/obj/scene_19_actors.rel  [ scene_19_actors ]
C:/tmp/_gbsbuild/obj/scene_19_collisions.rel
                                          [ scene_19_collisions ]
C:/tmp/_gbsbuild/obj/scene_19_init.rel    [ scene_19_init ]
C:/tmp/_gbsbuild/obj/scene_19_sprites.rel
                                          [ scene_19_sprites ]
C:/tmp/_gbsbuild/obj/scene_19_triggers.rel
                                          [ scene_19_triggers ]
C:/tmp/_gbsbuild/obj/scene_19.rel         [ scene_19 ]
C:/tmp/_gbsbuild/obj/scene_20_actors.rel  [ scene_20_actors ]
C:/tmp/_gbsbuild/obj/scene_20_collisions.rel
                                          [ scene_20_collisions ]
C:/tmp/_gbsbuild/obj/scene_20_init.rel    [ scene_20_init ]
C:/tmp/_gbsbuild/obj/scene_20_sprites.rel
                                          [ scene_20_sprites ]
C:/tmp/_gbsbuild/obj/scene_20_triggers.rel
                                          [ scene_20_triggers ]
C:/tmp/_gbsbuild/obj/scene_20.rel         [ scene_20 ]
C:/tmp/_gbsbuild/obj/scene_9_actors.rel   [ scene_9_actors ]
C:/tmp/_gbsbuild/obj/scene_9_collisions.rel
                                          [ scene_9_collisions ]
C:/tmp/_gbsbuild/obj/scene_9_init.rel     [ scene_9_init ]
C:/tmp/_gbsbuild/obj/scene_9_sprites.rel  [ scene_9_sprites ]
C:/tmp/_gbsbuild/obj/scene_9.rel          [ scene_9 ]
C:/tmp/_gbsbuild/obj/scene_logo_collisions.rel
                                          [ scene_logo_collisions ]
C:/tmp/_gbsbuild/obj/scene_logo_init.rel  [ scene_logo_init ]
C:/tmp/_gbsbuild/obj/scene_logo.rel       [ scene_logo ]
C:/tmp/_gbsbuild/obj/scene_title_screen_collisions.rel
                                          [ scene_title_screen_collisions ]
C:/tmp/_gbsbuild/obj/scene_title_screen_init.rel
                                          [ scene_title_screen_init ]
C:/tmp/_gbsbuild/obj/scene_title_screen.rel
                                          [ scene_title_screen ]
C:/tmp/_gbsbuild/obj/script_enemy_ship_destroy.rel
                                          [ script_enemy_ship_destroy ]
C:/tmp/_gbsbuild/obj/script_enemy_ship_hit_playe.rel
                                          [ script_enemy_ship_hit_playe ]
C:/tmp/_gbsbuild/obj/script_enemy_ship_movement__0.rel
                                          [ script_enemy_ship_movement__0 ]
C:/tmp/_gbsbuild/obj/script_enemy_ship_movement__1.rel
                                          [ script_enemy_ship_movement__1 ]
C:/tmp/_gbsbuild/obj/script_enemy_ship_movement__2.rel
                                          [ script_enemy_ship_movement__2 ]
C:/tmp/_gbsbuild/obj/script_enemy_ship_movement_.rel
                                          [ script_enemy_ship_movement_ ]
C:/tmp/_gbsbuild/obj/script_engine_init.rel
                                          [  ]
C:/tmp/_gbsbuild/obj/script_init_weapons.rel
                                          [ script_init_weapons ]
C:/tmp/_gbsbuild/obj/script_input.rel     [ script_input ]
C:/tmp/_gbsbuild/obj/sound_gbstudio_sfx_sav.rel
                                          [ sound_gbstudio_sfx_sav ]
C:/tmp/_gbsbuild/obj/sound_legacy_0.rel   [ sound_legacy_0 ]
C:/tmp/_gbsbuild/obj/sprite_bullet_left_tileset.rel
                                          [ sprite_bullet_left_tileset ]
C:/tmp/_gbsbuild/obj/sprite_bullet_left.rel
                                          [ sprite_bullet_left ]
C:/tmp/_gbsbuild/obj/sprite_bullet_right_tileset.rel
                                          [ sprite_bullet_right_tileset ]
C:/tmp/_gbsbuild/obj/sprite_bullet_right.rel
                                          [ sprite_bullet_right ]
C:/tmp/_gbsbuild/obj/sprite_cat_tileset.rel
                                          [ sprite_cat_tileset ]
C:/tmp/_gbsbuild/obj/sprite_cat.rel       [ sprite_cat ]
C:/tmp/_gbsbuild/obj/sprite_enemy_ship_tileset.rel
                                          [ sprite_enemy_ship_tileset ]
C:/tmp/_gbsbuild/obj/sprite_enemy_ship.rel
                                          [ sprite_enemy_ship ]
C:/tmp/_gbsbuild/obj/sprite_hidden_stairs_tileset.rel
                                          [ sprite_hidden_stairs_tileset ]
C:/tmp/_gbsbuild/obj/sprite_hidden_stairs.rel
                                          [ sprite_hidden_stairs ]
C:/tmp/_gbsbuild/obj/sprite_keyboard_tileset.rel
                                          [ sprite_keyboard_tileset ]
C:/tmp/_gbsbuild/obj/sprite_keyboard.rel  [ sprite_keyboard ]
C:/tmp/_gbsbuild/obj/sprite_machine_tileset.rel
                                          [ sprite_machine_tileset ]
C:/tmp/_gbsbuild/obj/sprite_machine.rel   [ sprite_machine ]
C:/tmp/_gbsbuild/obj/sprite_npc004_tileset.rel
                                          [ sprite_npc004_tileset ]
C:/tmp/_gbsbuild/obj/sprite_npc004.rel    [ sprite_npc004 ]
C:/tmp/_gbsbuild/obj/sprite_npc008_tileset.rel
                                          [ sprite_npc008_tileset ]
C:/tmp/_gbsbuild/obj/sprite_npc008.rel    [ sprite_npc008 ]
C:/tmp/_gbsbuild/obj/sprite_player_platform_tileset.rel
                                          [ sprite_player_platform_tileset ]
C:/tmp/_gbsbuild/obj/sprite_player_platform.rel
                                          [ sprite_player_platform ]
C:/tmp/_gbsbuild/obj/sprite_player_ship_tileset.rel
                                          [ sprite_player_ship_tileset ]
C:/tmp/_gbsbuild/obj/sprite_player_ship.rel
                                          [ sprite_player_ship ]
C:/tmp/_gbsbuild/obj/sprite_player_tileset.rel
                                          [ sprite_player_tileset ]
C:/tmp/_gbsbuild/obj/sprite_player.rel    [ sprite_player ]
C:/tmp/_gbsbuild/obj/sprite_rock_tileset.rel
                                          [ sprite_rock_tileset ]
C:/tmp/_gbsbuild/obj/sprite_rock.rel      [ sprite_rock ]
C:/tmp/_gbsbuild/obj/sprite_savepoint_tileset.rel
                                          [ sprite_savepoint_tileset ]
C:/tmp/_gbsbuild/obj/sprite_savepoint.rel
                                          [ sprite_savepoint ]
C:/tmp/_gbsbuild/obj/sprite_signpost_tileset.rel
                                          [ sprite_signpost_tileset ]
C:/tmp/_gbsbuild/obj/sprite_signpost.rel  [ sprite_signpost ]
C:/tmp/_gbsbuild/obj/sprite_space_mine_tileset.rel
                                          [ sprite_space_mine_tileset ]
C:/tmp/_gbsbuild/obj/sprite_space_mine.rel
                                          [ sprite_space_mine ]
C:/tmp/_gbsbuild/obj/sprite_turnip_tileset.rel
                                          [ sprite_turnip_tileset ]
C:/tmp/_gbsbuild/obj/sprite_turnip.rel    [ sprite_turnip ]
C:/tmp/_gbsbuild/obj/sprite_ui_weapon_tileset.rel
                                          [ sprite_ui_weapon_tileset ]
C:/tmp/_gbsbuild/obj/sprite_ui_weapon.rel
                                          [ sprite_ui_weapon ]
C:/tmp/_gbsbuild/obj/spritesheet_none.rel
                                          [ spritesheet_none ]
C:/tmp/_gbsbuild/obj/tileset_default_frame.rel
                                          [ tileset_default_frame ]
C:/tmp/_gbsbuild/obj/trigger_14_interact.rel
                                          [ trigger_14_interact ]
C:/tmp/_gbsbuild/obj/trigger_15_interact.rel
                                          [ trigger_15_interact ]
C:/tmp/_gbsbuild/obj/trigger_42_interact.rel
                                          [ trigger_42_interact ]
C:/tmp/_gbsbuild/obj/trigger_43_interact.rel
                                          [ trigger_43_interact ]
C:/tmp/_gbsbuild/obj/trigger_44_interact.rel
                                          [ trigger_44_interact ]
C:/tmp/_gbsbuild/obj/trigger_45_interact.rel
                                          [ trigger_45_interact ]
C:/tmp/_gbsbuild/obj/trigger_46_interact.rel
                                          [ trigger_46_interact ]
C:/tmp/_gbsbuild/obj/main.rel             [ main ]
C:/tmp/_gbsbuild/obj/logo.rel             [ logo ]
C:/tmp/_gbsbuild/obj/platform.rel         [ platform ]
C:/tmp/_gbsbuild/obj/shmup.rel            [ shmup ]
C:/tmp/_gbsbuild/obj/states_ptrs.rel      [  ]
C:/tmp/_gbsbuild/obj/topdown.rel          [ topdown ]


Libraries Linked                          [ object file ]

C:\tmp/_gbstools/gbdk/lib/gb/gb.lib       [ fill_rect_wi.o ]
C:\tmp/_gbstools/gbdk/lib/sm83/sm83.lib   [ rand.o ]
lib/hUGEDriver.lib                        [ hUGEDriver.o ]
C:\tmp/_gbstools/gbdk/lib/gb/gb.lib       [ sfr.o ]
C:\tmp/_gbstools/gbdk/lib/gb/gb.lib       [ get_data.o ]
C:\tmp/_gbstools/gbdk/lib/gb/gb.lib       [ get_tile.o ]
C:\tmp/_gbstools/gbdk/lib/gb/gb.lib       [ cgb_palettes.o ]
C:\tmp/_gbstools/gbdk/lib/gb/gb.lib       [ metasprites_hide_spr.o ]
C:\tmp/_gbstools/gbdk/lib/sm83/sm83.lib   [ mul.o ]
C:\tmp/_gbstools/gbdk/lib/gb/gb.lib       [ set_tile.o ]
C:\tmp/_gbstools/gbdk/lib/sm83/sm83.lib   [ abs.o ]
C:\tmp/_gbstools/gbdk/lib/gb/gb.lib       [ set_wi_t.o ]
C:\tmp/_gbstools/gbdk/lib/gb/gb.lib       [ set_data.o ]
C:\tmp/_gbstools/gbdk/lib/sm83/sm83.lib   [ reverse.o ]
C:\tmp/_gbstools/gbdk/lib/gb/gb.lib       [ far_ptr.o ]
C:\tmp/_gbstools/gbdk/lib/gb/gb.lib       [ sgb.o ]
C:\tmp/_gbstools/gbdk/lib/gb/gb.lib       [ lcd.o ]
C:\tmp/_gbstools/gbdk/lib/gb/gb.lib       [ fill_rect.o ]
C:\tmp/_gbstools/gbdk/lib/gb/gb.lib       [ cpy_data.o ]
C:\tmp/_gbstools/gbdk/lib/gb/gb.lib       [ fill_rect_bk.o ]
C:\tmp/_gbstools/gbdk/lib/gb/gb.lib       [ pad.o ]
C:\tmp/_gbstools/gbdk/lib/gb/gb.lib       [ metasprites.o ]
C:\tmp/_gbstools/gbdk/lib/sm83/sm83.lib   [ __sdcc_call_hl.o ]
C:\tmp/_gbstools/gbdk/lib/sm83/sm83.lib   [ memcpy.o ]
C:\tmp/_gbstools/gbdk/lib/sm83/sm83.lib   [ _memset.o ]
C:\tmp/_gbstools/gbdk/lib/gb/gb.lib       [ set_xy_t.o ]
C:\tmp/_gbstools/gbdk/lib/gb/gb.lib       [ ___sdcc_bcall_ehl.o ]
C:\tmp/_gbstools/gbdk/lib/gb/gb.lib       [ cgb.o ]
C:\tmp/_gbstools/gbdk/lib/sm83/sm83.lib   [ div.o ]
C:\tmp/_gbstools/gbdk/lib/gb/gb.lib       [ set_bk_t.o ]

ASxxxx Linker V03.00/V05.40 + sdld,  page 74.

User Base Address Definitions

_DATA=0xC0A0
_CODE=0x0200
ASxxxx Linker V03.00/V05.40 + sdld,  page 75.

User Global Definitions

.STACK=0xDF00
_shadow_OAM=0xC000
.refresh_OAM=0xFF80
__start_save=12

